2026-07-24 16:30:01 - Form-M pending=17, Form-N pending=1
2026-07-24 16:30:03 - FormM/6dc8f0d5f7943bbd0f19: error - bounced
2026-07-24 16:30:03 - FormM/acd08367d702032aceb1: error - bounced
2026-07-24 16:30:03 - FormM/af039d677356bd5f6550: error - userCancelled
2026-07-24 16:30:03 - FormM/6c0d0e4fb8d9573868af: error - failed
2026-07-24 16:30:03 - FormM/cb9ebd51f8431b3de3a6: error - failed
2026-07-24 16:30:04 - FormM/a683cac48c7bd65c7fa7: error - failed
2026-07-24 16:30:04 - FormM/b9b600a380e9605650de: error - failed
2026-07-24 16:30:04 - FormM/f01a7f62cc12fbab8eea: error - bounced
2026-07-24 16:30:04 - FormM/3579b81a558fd4f016c3: error - userCancelled
2026-07-24 16:30:04 - FormM/02ca6e711bcba0fadc5c: error - failed
2026-07-24 16:30:04 - FormM/52b4fc0d4a0eacbf2ba1: error - failed
2026-07-24 16:30:04 - FormM/f6e624fdafff0cb4f37b: error - userCancelled
2026-07-24 16:30:05 - FormM/63cdfb117094248519b7: error - userCancelled
2026-07-24 16:30:05 - FormM/3464c22f87bb01d55b75: error - userCancelled
2026-07-24 16:30:05 - FormM/1e172c7a24da9a8edd3e: error - userCancelled
2026-07-24 16:30:05 - FormM/d3eadfb12ee575842a82: error - dropped
2026-07-24 16:30:05 - FormM/62aacc8dc7c6592b199e: error - userCancelled
2026-07-24 16:30:05 - FormN/193fe60ccd7197a3ac68: error - failed
2026-07-24 16:30:05 - Agent pending=9
2026-07-24 16:30:05 - Agent/718e728dc1389e17eb81: error - bounced
2026-07-24 16:30:06 - Agent/09ce8396be350b1deedc: error - No record found in payment gateway verification.
2026-07-24 16:30:06 - Agent/4883b5b0b419577ce3fe: error - No record found in payment gateway verification.
2026-07-24 16:30:06 - Agent/f5a572a09c394720a997: error - failed
2026-07-24 16:30:06 - Agent/b2d78dd0e9c750fa9354: error - bounced
2026-07-24 16:30:06 - Agent/e471e3007ac3298014cd: error - failed
2026-07-24 16:30:06 - Agent/07a9b7ddab17e0b0ca18: error - bounced
2026-07-24 16:30:06 - Agent/79f11894e29f0586e47f: error - userCancelled
2026-07-24 16:30:06 - Agent/8d8c2872bffd2b023307: error - bounced
2026-07-24 16:30:07 - Project pending=11, ProjectExtn pending=4
2026-07-24 16:30:07 - Project/6388c11c5751effe37fa: warning - pending
2026-07-24 16:30:07 - Project/8070aa8e7afebed84b26: warning - pending
2026-07-24 16:30:07 - Project/2fd2a9f4d63351158dc5: success - Payment verified and updated successfully.
2026-07-24 16:30:07 - Project/588ce4e2f640f0d9d750: error - failed
2026-07-24 16:30:07 - Project/4ffd2f46b5965f4c787e: error - failed
2026-07-24 16:30:07 - Project/e65a3b19e160d08625c6: error - failed
2026-07-24 16:30:08 - Project/185d0bcb549908b49131: error - failed
2026-07-24 16:30:08 - Project/cb440f90b884bee2ec94: error - failed
2026-07-24 16:30:08 - Project/c58067aa1a22b0f54ac7: error - dropped
2026-07-24 16:30:08 - Project/d268be2d264599f534f8: error - bounced
2026-07-24 16:30:08 - Project/25756fe590ec785db299: error - bounced
2026-07-24 16:30:08 - ProjectExtn/1b1ac5fe1a548a16d5a2: warning - pending
2026-07-24 16:30:08 - ProjectExtn/8035e2c458e2490b0ad1: error - userCancelled
2026-07-24 16:30:08 - ProjectExtn/68a8494222998ff4d21f: error - bounced
2026-07-24 16:30:09 - ProjectExtn/438e9b9235609ffb5461: error - bounced
2026-07-24 16:30:09 - Epay pending=57
2026-07-24 16:30:09 - Epay/g2d9cc1a69b71a49ff40: warning - pending
2026-07-24 16:30:09 - Epay/g23d0232841d2a907243: warning - pending
2026-07-24 16:30:09 - Epay/g1421d52a7c5d2838630: error - failed
2026-07-24 16:30:09 - Epay/g29a15cef67ec69e9504: error - bounced
2026-07-24 16:30:09 - Epay/g2fd09f6e19ec6382424: warning - pending
2026-07-24 16:30:10 - Epay/g1d933545923d13d5bb7: error - failed
2026-07-24 16:30:10 - Epay/g254a39ae11cb5d8421a: error - failed
2026-07-24 16:30:10 - Epay/g2317d2dc6f4ceb430c3: error - dropped
2026-07-24 16:30:10 - Epay/g2651751b4e43b038029: error - bounced
2026-07-24 16:30:10 - Epay/g2cbfa97983b5c40a501: warning - pending
2026-07-24 16:30:10 - Epay/g280c70c7c84b2e7cab8: error - dropped
2026-07-24 16:30:10 - Epay/g2b309717c7ba0164c0b: error - bounced
2026-07-24 16:30:10 - Epay/g2fe2d56aa87635b4678: error - userCancelled
2026-07-24 16:30:11 - Epay/g29761e4afad0ab33476: warning - pending
2026-07-24 16:30:11 - Epay/g1f6f30c28ebe4f8b9d4: error - dropped
2026-07-24 16:30:11 - Epay/g28cccb05f210cf88705: warning - pending
2026-07-24 16:30:11 - Epay/g2b8f8c7514fa6b10900: error - failed
2026-07-24 16:30:11 - Epay/g13fe23cae94be5fc1a2: error - dropped
2026-07-24 16:30:11 - Epay/g2ee5f2eeca93482dfdf: error - failed
2026-07-24 16:30:11 - Epay/g2e1044a06fec3740fbe: error - failed
2026-07-24 16:30:12 - Epay/g2db75ced2b25f997771: error - failed
2026-07-24 16:30:12 - Epay/g21e9c6593a47b543412: error - bounced
2026-07-24 16:30:12 - Epay/g21738e07754ece75061: error - dropped
2026-07-24 16:30:12 - Epay/g250f99378c449828743: error - failed
2026-07-24 16:30:12 - Epay/g2c59a720b24977a7121: error - bounced
2026-07-24 16:30:12 - Epay/g2cce4651f2c7f199fab: error - userCancelled
2026-07-24 16:30:12 - Epay/g2872fc0a0c8c8ae8aaf: error - bounced
2026-07-24 16:30:13 - Epay/g2463ca4b57ccbfa4799: error - userCancelled
2026-07-24 16:30:13 - Epay/g205f7a329cc91be3a77: error - failed
2026-07-24 16:30:13 - Epay/g24dce24f73b0deb2aba: error - bounced
2026-07-24 16:30:13 - Epay/g16bc09379a7a2a82c6f: error - dropped
2026-07-24 16:30:13 - Epay/g1b947d729a4e56cc55d: error - bounced
2026-07-24 16:30:13 - Epay/g1a11423f2b1bbde7de6: error - bounced
2026-07-24 16:30:13 - Epay/g1489653321b45822a8f: error - bounced
2026-07-24 16:30:13 - Epay/g139bbe7b1f98d8a1a45: error - bounced
2026-07-24 16:30:14 - Epay/g14b77517c7ae39728a1: error - No record found in payment gateway verification.
2026-07-24 16:30:14 - Epay/g2ad2d53e1fc797ab72f: error - bounced
2026-07-24 16:30:14 - Epay/g2ec8dffd490357bbe43: error - failed
2026-07-24 16:30:14 - Epay/g28f5762179a1f86cdf3: error - userCancelled
2026-07-24 16:30:14 - Epay/g177b445f0e2446c2bca: error - bounced
2026-07-24 16:30:14 - Epay/g20f3efb1b6c81ef4054: error - bounced
2026-07-24 16:30:14 - Epay/g22bab6a03e6d9222b12: error - bounced
2026-07-24 16:30:14 - Epay/g2543e9439c3f7373169: error - bounced
2026-07-24 16:30:15 - Epay/g2d57f75302838ed4dcc: error - userCancelled
2026-07-24 16:30:15 - Epay/g1615397d6cd723de426: error - failed
2026-07-24 16:30:15 - Epay/g1705a7c639a7a8531d3: error - dropped
2026-07-24 16:30:15 - Epay/g1c3468e38214191f233: error - dropped
2026-07-24 16:30:15 - Epay/g21efe34f59d71a840a1: error - bounced
2026-07-24 16:30:15 - Epay/g13494762bae1f78cc06: error - dropped
2026-07-24 16:30:15 - Epay/g2af4ea478f45dfbca3b: error - userCancelled
2026-07-24 16:30:16 - Epay/g2cb8d52628089bf2ed2: error - bounced
2026-07-24 16:30:16 - Epay/g20e3501b3a61cecd818: error - dropped
2026-07-24 16:30:16 - Epay/g10d690b1b0e36d60e8d: error - failed
2026-07-24 16:30:16 - Epay/g15390f5254889c20c4f: error - bounced
2026-07-24 16:30:16 - Epay/g2b4985d0b2269cf76db: error - dropped
2026-07-24 16:30:16 - Epay/g2154ecbb87ed9a126ad: error - dropped
2026-07-24 16:30:16 - Epay/g24d82fb09e807ad134a: error - userCancelled
2026-07-24 16:31:01 - Form-M pending=17, Form-N pending=1
2026-07-24 16:31:01 - FormM/6dc8f0d5f7943bbd0f19: error - bounced
2026-07-24 16:31:01 - FormM/acd08367d702032aceb1: error - bounced
2026-07-24 16:31:01 - FormM/af039d677356bd5f6550: error - userCancelled
2026-07-24 16:31:02 - FormM/6c0d0e4fb8d9573868af: error - failed
2026-07-24 16:31:02 - FormM/cb9ebd51f8431b3de3a6: error - failed
2026-07-24 16:31:02 - FormM/a683cac48c7bd65c7fa7: error - failed
2026-07-24 16:31:02 - FormM/b9b600a380e9605650de: error - failed
2026-07-24 16:31:02 - FormM/f01a7f62cc12fbab8eea: error - bounced
2026-07-24 16:31:02 - FormM/3579b81a558fd4f016c3: error - userCancelled
2026-07-24 16:31:02 - FormM/02ca6e711bcba0fadc5c: error - failed
2026-07-24 16:31:03 - FormM/52b4fc0d4a0eacbf2ba1: error - failed
2026-07-24 16:31:03 - FormM/f6e624fdafff0cb4f37b: error - userCancelled
2026-07-24 16:31:03 - FormM/63cdfb117094248519b7: error - userCancelled
2026-07-24 16:31:03 - FormM/3464c22f87bb01d55b75: error - userCancelled
2026-07-24 16:31:03 - FormM/1e172c7a24da9a8edd3e: error - userCancelled
2026-07-24 16:31:04 - FormM/d3eadfb12ee575842a82: error - dropped
2026-07-24 16:31:04 - FormM/62aacc8dc7c6592b199e: error - userCancelled
2026-07-24 16:31:04 - FormN/193fe60ccd7197a3ac68: error - failed
2026-07-24 16:31:04 - Agent pending=9
2026-07-24 16:31:04 - Agent/718e728dc1389e17eb81: error - bounced
2026-07-24 16:31:04 - Agent/09ce8396be350b1deedc: error - No record found in payment gateway verification.
2026-07-24 16:31:04 - Agent/4883b5b0b419577ce3fe: error - No record found in payment gateway verification.
2026-07-24 16:31:04 - Agent/f5a572a09c394720a997: error - failed
2026-07-24 16:31:05 - Agent/b2d78dd0e9c750fa9354: error - bounced
2026-07-24 16:31:05 - Agent/e471e3007ac3298014cd: error - failed
2026-07-24 16:31:05 - Agent/07a9b7ddab17e0b0ca18: error - bounced
2026-07-24 16:31:05 - Agent/79f11894e29f0586e47f: error - userCancelled
2026-07-24 16:31:05 - Agent/8d8c2872bffd2b023307: error - bounced
2026-07-24 16:31:05 - Project pending=10, ProjectExtn pending=4
2026-07-24 16:31:05 - Project/6388c11c5751effe37fa: warning - pending
2026-07-24 16:31:06 - Project/8070aa8e7afebed84b26: warning - pending
2026-07-24 16:31:06 - Project/588ce4e2f640f0d9d750: error - failed
2026-07-24 16:31:06 - Project/4ffd2f46b5965f4c787e: error - failed
2026-07-24 16:31:06 - Project/e65a3b19e160d08625c6: error - failed
2026-07-24 16:31:06 - Project/185d0bcb549908b49131: error - failed
2026-07-24 16:31:06 - Project/cb440f90b884bee2ec94: error - failed
2026-07-24 16:31:06 - Project/c58067aa1a22b0f54ac7: error - dropped
2026-07-24 16:31:07 - Project/d268be2d264599f534f8: error - bounced
2026-07-24 16:31:07 - Project/25756fe590ec785db299: error - bounced
2026-07-24 16:31:07 - ProjectExtn/1b1ac5fe1a548a16d5a2: warning - pending
2026-07-24 16:31:07 - ProjectExtn/8035e2c458e2490b0ad1: error - userCancelled
2026-07-24 16:31:07 - ProjectExtn/68a8494222998ff4d21f: error - bounced
2026-07-24 16:31:07 - ProjectExtn/438e9b9235609ffb5461: error - bounced
2026-07-24 16:31:07 - Epay pending=57
2026-07-24 16:31:07 - Epay/g2d9cc1a69b71a49ff40: warning - pending
2026-07-24 16:31:08 - Epay/g23d0232841d2a907243: warning - pending
2026-07-24 16:31:08 - Epay/g1421d52a7c5d2838630: error - failed
2026-07-24 16:31:08 - Epay/g29a15cef67ec69e9504: error - bounced
2026-07-24 16:31:08 - Epay/g2fd09f6e19ec6382424: warning - pending
2026-07-24 16:31:08 - Epay/g1d933545923d13d5bb7: error - failed
2026-07-24 16:31:08 - Epay/g254a39ae11cb5d8421a: error - failed
2026-07-24 16:31:08 - Epay/g2317d2dc6f4ceb430c3: error - dropped
2026-07-24 16:31:09 - Epay/g2651751b4e43b038029: error - bounced
2026-07-24 16:31:09 - Epay/g2cbfa97983b5c40a501: warning - pending
2026-07-24 16:31:09 - Epay/g280c70c7c84b2e7cab8: error - dropped
2026-07-24 16:31:09 - Epay/g2b309717c7ba0164c0b: error - bounced
2026-07-24 16:31:09 - Epay/g2fe2d56aa87635b4678: error - userCancelled
2026-07-24 16:31:09 - Epay/g29761e4afad0ab33476: warning - pending
2026-07-24 16:31:10 - Epay/g1f6f30c28ebe4f8b9d4: error - dropped
2026-07-24 16:31:10 - Epay/g28cccb05f210cf88705: warning - pending
2026-07-24 16:31:10 - Epay/g2b8f8c7514fa6b10900: error - failed
2026-07-24 16:31:10 - Epay/g13fe23cae94be5fc1a2: error - dropped
2026-07-24 16:31:10 - Epay/g2ee5f2eeca93482dfdf: error - failed
2026-07-24 16:31:10 - Epay/g2e1044a06fec3740fbe: error - failed
2026-07-24 16:31:10 - Epay/g2db75ced2b25f997771: error - failed
2026-07-24 16:31:11 - Epay/g21e9c6593a47b543412: error - bounced
2026-07-24 16:31:11 - Epay/g21738e07754ece75061: error - dropped
2026-07-24 16:31:11 - Epay/g250f99378c449828743: error - failed
2026-07-24 16:31:11 - Epay/g2c59a720b24977a7121: error - bounced
2026-07-24 16:31:11 - Epay/g2cce4651f2c7f199fab: error - userCancelled
2026-07-24 16:31:11 - Epay/g2872fc0a0c8c8ae8aaf: error - bounced
2026-07-24 16:31:12 - Epay/g2463ca4b57ccbfa4799: error - userCancelled
2026-07-24 16:31:12 - Epay/g205f7a329cc91be3a77: error - failed
2026-07-24 16:31:12 - Epay/g24dce24f73b0deb2aba: error - bounced
2026-07-24 16:31:12 - Epay/g16bc09379a7a2a82c6f: error - dropped
2026-07-24 16:31:12 - Epay/g1b947d729a4e56cc55d: error - bounced
2026-07-24 16:31:12 - Epay/g1a11423f2b1bbde7de6: error - bounced
2026-07-24 16:31:12 - Epay/g1489653321b45822a8f: error - bounced
2026-07-24 16:31:13 - Epay/g139bbe7b1f98d8a1a45: error - bounced
2026-07-24 16:31:13 - Epay/g14b77517c7ae39728a1: error - No record found in payment gateway verification.
2026-07-24 16:31:13 - Epay/g2ad2d53e1fc797ab72f: error - bounced
2026-07-24 16:31:13 - Epay/g2ec8dffd490357bbe43: error - failed
2026-07-24 16:31:13 - Epay/g28f5762179a1f86cdf3: error - userCancelled
2026-07-24 16:31:13 - Epay/g177b445f0e2446c2bca: error - bounced
2026-07-24 16:31:14 - Epay/g20f3efb1b6c81ef4054: error - bounced
2026-07-24 16:31:14 - Epay/g22bab6a03e6d9222b12: error - bounced
2026-07-24 16:31:14 - Epay/g2543e9439c3f7373169: error - bounced
2026-07-24 16:31:14 - Epay/g2d57f75302838ed4dcc: error - userCancelled
2026-07-24 16:31:14 - Epay/g1615397d6cd723de426: error - failed
2026-07-24 16:31:14 - Epay/g1705a7c639a7a8531d3: error - dropped
2026-07-24 16:31:15 - Epay/g1c3468e38214191f233: error - dropped
2026-07-24 16:31:15 - Epay/g21efe34f59d71a840a1: error - bounced
2026-07-24 16:31:15 - Epay/g13494762bae1f78cc06: error - dropped
2026-07-24 16:31:15 - Epay/g2af4ea478f45dfbca3b: error - userCancelled
2026-07-24 16:31:15 - Epay/g2cb8d52628089bf2ed2: error - bounced
2026-07-24 16:31:15 - Epay/g20e3501b3a61cecd818: error - dropped
2026-07-24 16:31:15 - Epay/g10d690b1b0e36d60e8d: error - failed
2026-07-24 16:31:16 - Epay/g15390f5254889c20c4f: error - bounced
2026-07-24 16:31:16 - Epay/g2b4985d0b2269cf76db: error - dropped
2026-07-24 16:31:16 - Epay/g2154ecbb87ed9a126ad: error - dropped
2026-07-24 16:31:16 - Epay/g24d82fb09e807ad134a: error - userCancelled
2026-07-24 16:45:04 - Form-M pending=17, Form-N pending=1
2026-07-24 16:45:04 - FormM/6dc8f0d5f7943bbd0f19: error - bounced
2026-07-24 16:45:04 - FormM/acd08367d702032aceb1: error - bounced
2026-07-24 16:45:04 - FormM/af039d677356bd5f6550: error - userCancelled
2026-07-24 16:45:05 - FormM/6c0d0e4fb8d9573868af: error - failed
2026-07-24 16:45:05 - FormM/cb9ebd51f8431b3de3a6: error - failed
2026-07-24 16:45:05 - FormM/a683cac48c7bd65c7fa7: error - failed
2026-07-24 16:45:05 - FormM/b9b600a380e9605650de: error - failed
2026-07-24 16:45:05 - FormM/f01a7f62cc12fbab8eea: error - bounced
2026-07-24 16:45:05 - FormM/3579b81a558fd4f016c3: error - userCancelled
2026-07-24 16:45:05 - FormM/02ca6e711bcba0fadc5c: error - failed
2026-07-24 16:45:06 - FormM/52b4fc0d4a0eacbf2ba1: error - failed
2026-07-24 16:45:06 - FormM/f6e624fdafff0cb4f37b: error - userCancelled
2026-07-24 16:45:06 - FormM/63cdfb117094248519b7: error - userCancelled
2026-07-24 16:45:06 - FormM/3464c22f87bb01d55b75: error - userCancelled
2026-07-24 16:45:06 - FormM/1e172c7a24da9a8edd3e: error - userCancelled
2026-07-24 16:45:06 - FormM/d3eadfb12ee575842a82: error - dropped
2026-07-24 16:45:06 - FormM/62aacc8dc7c6592b199e: error - userCancelled
2026-07-24 16:45:06 - FormN/193fe60ccd7197a3ac68: error - failed
2026-07-24 16:45:07 - Agent pending=10
2026-07-24 16:45:07 - Agent/bc1b3f9391f6cd619b3a: error - initiated
2026-07-24 16:45:07 - Agent/718e728dc1389e17eb81: error - bounced
2026-07-24 16:45:07 - Agent/09ce8396be350b1deedc: error - No record found in payment gateway verification.
2026-07-24 16:45:07 - Agent/4883b5b0b419577ce3fe: error - No record found in payment gateway verification.
2026-07-24 16:45:07 - Agent/f5a572a09c394720a997: error - failed
2026-07-24 16:45:07 - Agent/b2d78dd0e9c750fa9354: error - bounced
2026-07-24 16:45:07 - Agent/e471e3007ac3298014cd: error - failed
2026-07-24 16:45:08 - Agent/07a9b7ddab17e0b0ca18: error - bounced
2026-07-24 16:45:08 - Agent/79f11894e29f0586e47f: error - userCancelled
2026-07-24 16:45:08 - Agent/8d8c2872bffd2b023307: error - bounced
2026-07-24 16:45:08 - Project pending=10, ProjectExtn pending=4
2026-07-24 16:45:08 - Project/6388c11c5751effe37fa: warning - pending
2026-07-24 16:45:08 - Project/8070aa8e7afebed84b26: warning - pending
2026-07-24 16:45:08 - Project/588ce4e2f640f0d9d750: error - failed
2026-07-24 16:45:08 - Project/4ffd2f46b5965f4c787e: error - failed
2026-07-24 16:45:09 - Project/e65a3b19e160d08625c6: error - failed
2026-07-24 16:45:09 - Project/185d0bcb549908b49131: error - failed
2026-07-24 16:45:09 - Project/cb440f90b884bee2ec94: error - failed
2026-07-24 16:45:09 - Project/c58067aa1a22b0f54ac7: error - dropped
2026-07-24 16:45:09 - Project/d268be2d264599f534f8: error - bounced
2026-07-24 16:45:09 - Project/25756fe590ec785db299: error - bounced
2026-07-24 16:45:09 - ProjectExtn/1b1ac5fe1a548a16d5a2: warning - pending
2026-07-24 16:45:09 - ProjectExtn/8035e2c458e2490b0ad1: error - userCancelled
2026-07-24 16:45:10 - ProjectExtn/68a8494222998ff4d21f: error - bounced
2026-07-24 16:45:10 - ProjectExtn/438e9b9235609ffb5461: error - bounced
2026-07-24 16:45:10 - Epay pending=57
2026-07-24 16:45:10 - Epay/g2d9cc1a69b71a49ff40: warning - pending
2026-07-24 16:45:10 - Epay/g23d0232841d2a907243: warning - pending
2026-07-24 16:45:10 - Epay/g1421d52a7c5d2838630: error - failed
2026-07-24 16:45:10 - Epay/g29a15cef67ec69e9504: error - bounced
2026-07-24 16:45:10 - Epay/g2fd09f6e19ec6382424: warning - pending
2026-07-24 16:45:11 - Epay/g1d933545923d13d5bb7: error - failed
2026-07-24 16:45:11 - Epay/g254a39ae11cb5d8421a: error - failed
2026-07-24 16:45:11 - Epay/g2317d2dc6f4ceb430c3: error - dropped
2026-07-24 16:45:11 - Epay/g2651751b4e43b038029: error - bounced
2026-07-24 16:45:11 - Epay/g2cbfa97983b5c40a501: warning - pending
2026-07-24 16:45:11 - Epay/g280c70c7c84b2e7cab8: error - dropped
2026-07-24 16:45:11 - Epay/g2b309717c7ba0164c0b: error - bounced
2026-07-24 16:45:12 - Epay/g2fe2d56aa87635b4678: error - userCancelled
2026-07-24 16:45:12 - Epay/g29761e4afad0ab33476: warning - pending
2026-07-24 16:45:12 - Epay/g1f6f30c28ebe4f8b9d4: error - dropped
2026-07-24 16:45:12 - Epay/g28cccb05f210cf88705: warning - pending
2026-07-24 16:45:12 - Epay/g2b8f8c7514fa6b10900: error - failed
2026-07-24 16:45:12 - Epay/g13fe23cae94be5fc1a2: error - dropped
2026-07-24 16:45:12 - Epay/g2ee5f2eeca93482dfdf: error - failed
2026-07-24 16:45:13 - Epay/g2e1044a06fec3740fbe: error - failed
2026-07-24 16:45:13 - Epay/g2db75ced2b25f997771: error - failed
2026-07-24 16:45:13 - Epay/g21e9c6593a47b543412: error - bounced
2026-07-24 16:45:13 - Epay/g21738e07754ece75061: error - dropped
2026-07-24 16:45:13 - Epay/g250f99378c449828743: error - failed
2026-07-24 16:45:13 - Epay/g2c59a720b24977a7121: error - bounced
2026-07-24 16:45:13 - Epay/g2cce4651f2c7f199fab: error - userCancelled
2026-07-24 16:45:13 - Epay/g2872fc0a0c8c8ae8aaf: error - bounced
2026-07-24 16:45:14 - Epay/g2463ca4b57ccbfa4799: error - userCancelled
2026-07-24 16:45:14 - Epay/g205f7a329cc91be3a77: error - failed
2026-07-24 16:45:14 - Epay/g24dce24f73b0deb2aba: error - bounced
2026-07-24 16:45:14 - Epay/g16bc09379a7a2a82c6f: error - dropped
2026-07-24 16:45:14 - Epay/g1b947d729a4e56cc55d: error - bounced
2026-07-24 16:45:14 - Epay/g1a11423f2b1bbde7de6: error - bounced
2026-07-24 16:45:14 - Epay/g1489653321b45822a8f: error - bounced
2026-07-24 16:45:15 - Epay/g139bbe7b1f98d8a1a45: error - bounced
2026-07-24 16:45:15 - Epay/g14b77517c7ae39728a1: error - No record found in payment gateway verification.
2026-07-24 16:45:15 - Epay/g2ad2d53e1fc797ab72f: error - bounced
2026-07-24 16:45:15 - Epay/g2ec8dffd490357bbe43: error - failed
2026-07-24 16:45:15 - Epay/g28f5762179a1f86cdf3: error - userCancelled
2026-07-24 16:45:15 - Epay/g177b445f0e2446c2bca: error - bounced
2026-07-24 16:45:15 - Epay/g20f3efb1b6c81ef4054: error - bounced
2026-07-24 16:45:15 - Epay/g22bab6a03e6d9222b12: error - bounced
2026-07-24 16:45:16 - Epay/g2543e9439c3f7373169: error - bounced
2026-07-24 16:45:16 - Epay/g2d57f75302838ed4dcc: error - userCancelled
2026-07-24 16:45:16 - Epay/g1615397d6cd723de426: error - failed
2026-07-24 16:45:16 - Epay/g1705a7c639a7a8531d3: error - dropped
2026-07-24 16:45:16 - Epay/g1c3468e38214191f233: error - dropped
2026-07-24 16:45:16 - Epay/g21efe34f59d71a840a1: error - bounced
2026-07-24 16:45:17 - Epay/g13494762bae1f78cc06: error - dropped
2026-07-24 16:45:17 - Epay/g2af4ea478f45dfbca3b: error - userCancelled
2026-07-24 16:45:17 - Epay/g2cb8d52628089bf2ed2: error - bounced
2026-07-24 16:45:17 - Epay/g20e3501b3a61cecd818: error - dropped
2026-07-24 16:45:17 - Epay/g10d690b1b0e36d60e8d: error - failed
2026-07-24 16:45:17 - Epay/g15390f5254889c20c4f: error - bounced
2026-07-24 16:45:17 - Epay/g2b4985d0b2269cf76db: error - dropped
2026-07-24 16:45:18 - Epay/g2154ecbb87ed9a126ad: error - dropped
2026-07-24 16:45:18 - Epay/g24d82fb09e807ad134a: error - userCancelled
2026-07-24 17:00:04 - Form-M pending=17, Form-N pending=1
2026-07-24 17:00:04 - FormM/6dc8f0d5f7943bbd0f19: error - bounced
2026-07-24 17:00:04 - FormM/acd08367d702032aceb1: error - bounced
2026-07-24 17:00:05 - FormM/af039d677356bd5f6550: error - userCancelled
2026-07-24 17:00:05 - FormM/6c0d0e4fb8d9573868af: error - failed
2026-07-24 17:00:05 - FormM/cb9ebd51f8431b3de3a6: error - failed
2026-07-24 17:00:05 - FormM/a683cac48c7bd65c7fa7: error - failed
2026-07-24 17:00:05 - FormM/b9b600a380e9605650de: error - failed
2026-07-24 17:00:05 - FormM/f01a7f62cc12fbab8eea: error - bounced
2026-07-24 17:00:05 - FormM/3579b81a558fd4f016c3: error - userCancelled
2026-07-24 17:00:05 - FormM/02ca6e711bcba0fadc5c: error - failed
2026-07-24 17:00:06 - FormM/52b4fc0d4a0eacbf2ba1: error - failed
2026-07-24 17:00:06 - FormM/f6e624fdafff0cb4f37b: error - userCancelled
2026-07-24 17:00:06 - FormM/63cdfb117094248519b7: error - userCancelled
2026-07-24 17:00:06 - FormM/3464c22f87bb01d55b75: error - userCancelled
2026-07-24 17:00:06 - FormM/1e172c7a24da9a8edd3e: error - userCancelled
2026-07-24 17:00:06 - FormM/d3eadfb12ee575842a82: error - dropped
2026-07-24 17:00:06 - FormM/62aacc8dc7c6592b199e: error - userCancelled
2026-07-24 17:00:07 - FormN/193fe60ccd7197a3ac68: error - failed
2026-07-24 17:00:07 - Agent pending=10
2026-07-24 17:00:07 - Agent/bc1b3f9391f6cd619b3a: error - initiated
2026-07-24 17:00:07 - Agent/718e728dc1389e17eb81: error - bounced
2026-07-24 17:00:07 - Agent/09ce8396be350b1deedc: error - No record found in payment gateway verification.
2026-07-24 17:00:08 - Agent/4883b5b0b419577ce3fe: error - No record found in payment gateway verification.
2026-07-24 17:00:08 - Agent/f5a572a09c394720a997: error - failed
2026-07-24 17:00:08 - Agent/b2d78dd0e9c750fa9354: error - bounced
2026-07-24 17:00:08 - Agent/e471e3007ac3298014cd: error - failed
2026-07-24 17:00:08 - Agent/07a9b7ddab17e0b0ca18: error - bounced
2026-07-24 17:00:08 - Agent/79f11894e29f0586e47f: error - userCancelled
2026-07-24 17:00:09 - Agent/8d8c2872bffd2b023307: error - bounced
2026-07-24 17:00:09 - Project pending=10, ProjectExtn pending=4
2026-07-24 17:00:09 - Project/6388c11c5751effe37fa: warning - pending
2026-07-24 17:00:09 - Project/8070aa8e7afebed84b26: warning - pending
2026-07-24 17:00:09 - Project/588ce4e2f640f0d9d750: error - failed
2026-07-24 17:00:09 - Project/4ffd2f46b5965f4c787e: error - failed
2026-07-24 17:00:09 - Project/e65a3b19e160d08625c6: error - failed
2026-07-24 17:00:09 - Project/185d0bcb549908b49131: error - failed
2026-07-24 17:00:09 - Project/cb440f90b884bee2ec94: error - failed
2026-07-24 17:00:10 - Project/c58067aa1a22b0f54ac7: error - dropped
2026-07-24 17:00:10 - Project/d268be2d264599f534f8: error - bounced
2026-07-24 17:00:10 - Project/25756fe590ec785db299: error - bounced
2026-07-24 17:00:10 - ProjectExtn/1b1ac5fe1a548a16d5a2: warning - pending
2026-07-24 17:00:10 - ProjectExtn/8035e2c458e2490b0ad1: error - userCancelled
2026-07-24 17:00:10 - ProjectExtn/68a8494222998ff4d21f: error - bounced
2026-07-24 17:00:10 - ProjectExtn/438e9b9235609ffb5461: error - bounced
2026-07-24 17:00:10 - Epay pending=58
2026-07-24 17:00:11 - Epay/g2b79bb7bcdb8887221b: warning - pending
2026-07-24 17:00:11 - Epay/g2d9cc1a69b71a49ff40: warning - pending
2026-07-24 17:00:11 - Epay/g23d0232841d2a907243: warning - pending
2026-07-24 17:00:11 - Epay/g1421d52a7c5d2838630: error - failed
2026-07-24 17:00:11 - Epay/g29a15cef67ec69e9504: error - bounced
2026-07-24 17:00:11 - Epay/g2fd09f6e19ec6382424: warning - pending
2026-07-24 17:00:11 - Epay/g1d933545923d13d5bb7: error - failed
2026-07-24 17:00:12 - Epay/g254a39ae11cb5d8421a: error - failed
2026-07-24 17:00:12 - Epay/g2317d2dc6f4ceb430c3: error - dropped
2026-07-24 17:00:12 - Epay/g2651751b4e43b038029: error - bounced
2026-07-24 17:00:12 - Epay/g2cbfa97983b5c40a501: warning - pending
2026-07-24 17:00:12 - Epay/g280c70c7c84b2e7cab8: error - dropped
2026-07-24 17:00:12 - Epay/g2b309717c7ba0164c0b: error - bounced
2026-07-24 17:00:12 - Epay/g2fe2d56aa87635b4678: error - userCancelled
2026-07-24 17:00:12 - Epay/g29761e4afad0ab33476: warning - pending
2026-07-24 17:00:13 - Epay/g1f6f30c28ebe4f8b9d4: error - dropped
2026-07-24 17:00:13 - Epay/g28cccb05f210cf88705: warning - pending
2026-07-24 17:00:13 - Epay/g2b8f8c7514fa6b10900: error - failed
2026-07-24 17:00:13 - Epay/g13fe23cae94be5fc1a2: error - dropped
2026-07-24 17:00:13 - Epay/g2ee5f2eeca93482dfdf: error - failed
2026-07-24 17:00:13 - Epay/g2e1044a06fec3740fbe: error - failed
2026-07-24 17:00:13 - Epay/g2db75ced2b25f997771: error - failed
2026-07-24 17:00:14 - Epay/g21e9c6593a47b543412: error - bounced
2026-07-24 17:00:14 - Epay/g21738e07754ece75061: error - dropped
2026-07-24 17:00:14 - Epay/g250f99378c449828743: error - failed
2026-07-24 17:00:14 - Epay/g2c59a720b24977a7121: error - bounced
2026-07-24 17:00:14 - Epay/g2cce4651f2c7f199fab: error - userCancelled
2026-07-24 17:00:14 - Epay/g2872fc0a0c8c8ae8aaf: error - bounced
2026-07-24 17:00:14 - Epay/g2463ca4b57ccbfa4799: error - userCancelled
2026-07-24 17:00:15 - Epay/g205f7a329cc91be3a77: error - failed
2026-07-24 17:00:15 - Epay/g24dce24f73b0deb2aba: error - bounced
2026-07-24 17:00:15 - Epay/g16bc09379a7a2a82c6f: error - dropped
2026-07-24 17:00:15 - Epay/g1b947d729a4e56cc55d: error - bounced
2026-07-24 17:00:15 - Epay/g1a11423f2b1bbde7de6: error - bounced
2026-07-24 17:00:15 - Epay/g1489653321b45822a8f: error - bounced
2026-07-24 17:00:15 - Epay/g139bbe7b1f98d8a1a45: error - bounced
2026-07-24 17:00:15 - Epay/g14b77517c7ae39728a1: error - No record found in payment gateway verification.
2026-07-24 17:00:16 - Epay/g2ad2d53e1fc797ab72f: error - bounced
2026-07-24 17:00:16 - Epay/g2ec8dffd490357bbe43: error - failed
2026-07-24 17:00:16 - Epay/g28f5762179a1f86cdf3: error - userCancelled
2026-07-24 17:00:16 - Epay/g177b445f0e2446c2bca: error - bounced
2026-07-24 17:00:16 - Epay/g20f3efb1b6c81ef4054: error - bounced
2026-07-24 17:00:16 - Epay/g22bab6a03e6d9222b12: error - bounced
2026-07-24 17:00:16 - Epay/g2543e9439c3f7373169: error - bounced
2026-07-24 17:00:17 - Epay/g2d57f75302838ed4dcc: error - userCancelled
2026-07-24 17:00:17 - Epay/g1615397d6cd723de426: error - failed
2026-07-24 17:00:17 - Epay/g1705a7c639a7a8531d3: error - dropped
2026-07-24 17:00:17 - Epay/g1c3468e38214191f233: error - dropped
2026-07-24 17:00:17 - Epay/g21efe34f59d71a840a1: error - bounced
2026-07-24 17:00:17 - Epay/g13494762bae1f78cc06: error - dropped
2026-07-24 17:00:17 - Epay/g2af4ea478f45dfbca3b: error - userCancelled
2026-07-24 17:00:17 - Epay/g2cb8d52628089bf2ed2: error - bounced
2026-07-24 17:00:18 - Epay/g20e3501b3a61cecd818: error - dropped
2026-07-24 17:00:18 - Epay/g10d690b1b0e36d60e8d: error - failed
2026-07-24 17:00:18 - Epay/g15390f5254889c20c4f: error - bounced
2026-07-24 17:00:18 - Epay/g2b4985d0b2269cf76db: error - dropped
2026-07-24 17:00:18 - Epay/g2154ecbb87ed9a126ad: error - dropped
2026-07-24 17:00:18 - Epay/g24d82fb09e807ad134a: error - userCancelled
2026-07-24 17:15:04 - Form-M pending=17, Form-N pending=1
2026-07-24 17:15:05 - FormM/6dc8f0d5f7943bbd0f19: error - bounced
2026-07-24 17:15:05 - FormM/acd08367d702032aceb1: error - bounced
2026-07-24 17:15:05 - FormM/af039d677356bd5f6550: error - userCancelled
2026-07-24 17:15:05 - FormM/6c0d0e4fb8d9573868af: error - failed
2026-07-24 17:15:05 - FormM/cb9ebd51f8431b3de3a6: error - failed
2026-07-24 17:15:05 - FormM/a683cac48c7bd65c7fa7: error - failed
2026-07-24 17:15:05 - FormM/b9b600a380e9605650de: error - failed
2026-07-24 17:15:06 - FormM/f01a7f62cc12fbab8eea: error - bounced
2026-07-24 17:15:06 - FormM/3579b81a558fd4f016c3: error - userCancelled
2026-07-24 17:15:06 - FormM/02ca6e711bcba0fadc5c: error - failed
2026-07-24 17:15:06 - FormM/52b4fc0d4a0eacbf2ba1: error - failed
2026-07-24 17:15:06 - FormM/f6e624fdafff0cb4f37b: error - userCancelled
2026-07-24 17:15:06 - FormM/63cdfb117094248519b7: error - userCancelled
2026-07-24 17:15:07 - FormM/3464c22f87bb01d55b75: error - userCancelled
2026-07-24 17:15:07 - FormM/1e172c7a24da9a8edd3e: error - userCancelled
2026-07-24 17:15:07 - FormM/d3eadfb12ee575842a82: error - dropped
2026-07-24 17:15:07 - FormM/62aacc8dc7c6592b199e: error - userCancelled
2026-07-24 17:15:07 - FormN/193fe60ccd7197a3ac68: error - failed
2026-07-24 17:15:07 - Agent pending=12
2026-07-24 17:15:07 - Agent/2eeb4d2d474321fae9c1: success - Payment verified and updated successfully.
2026-07-24 17:15:07 - Agent/ddbcb7923ac74f500d3a: success - Payment verified and updated successfully.
2026-07-24 17:15:08 - Agent/bc1b3f9391f6cd619b3a: error - initiated
2026-07-24 17:15:08 - Agent/718e728dc1389e17eb81: error - bounced
2026-07-24 17:15:08 - Agent/09ce8396be350b1deedc: error - No record found in payment gateway verification.
2026-07-24 17:15:08 - Agent/4883b5b0b419577ce3fe: error - No record found in payment gateway verification.
2026-07-24 17:15:08 - Agent/f5a572a09c394720a997: error - failed
2026-07-24 17:15:09 - Agent/b2d78dd0e9c750fa9354: error - bounced
2026-07-24 17:15:09 - Agent/e471e3007ac3298014cd: error - failed
2026-07-24 17:15:09 - Agent/07a9b7ddab17e0b0ca18: error - bounced
2026-07-24 17:15:09 - Agent/79f11894e29f0586e47f: error - userCancelled
2026-07-24 17:15:09 - Agent/8d8c2872bffd2b023307: error - bounced
2026-07-24 17:15:09 - Project pending=10, ProjectExtn pending=4
2026-07-24 17:15:09 - Project/6388c11c5751effe37fa: warning - pending
2026-07-24 17:15:09 - Project/8070aa8e7afebed84b26: warning - pending
2026-07-24 17:15:09 - Project/588ce4e2f640f0d9d750: error - failed
2026-07-24 17:15:10 - Project/4ffd2f46b5965f4c787e: error - failed
2026-07-24 17:15:10 - Project/e65a3b19e160d08625c6: error - failed
2026-07-24 17:15:10 - Project/185d0bcb549908b49131: error - failed
2026-07-24 17:15:10 - Project/cb440f90b884bee2ec94: error - failed
2026-07-24 17:15:10 - Project/c58067aa1a22b0f54ac7: error - dropped
2026-07-24 17:15:10 - Project/d268be2d264599f534f8: error - bounced
2026-07-24 17:15:10 - Project/25756fe590ec785db299: error - bounced
2026-07-24 17:15:11 - ProjectExtn/1b1ac5fe1a548a16d5a2: warning - pending
2026-07-24 17:15:11 - ProjectExtn/8035e2c458e2490b0ad1: error - userCancelled
2026-07-24 17:15:11 - ProjectExtn/68a8494222998ff4d21f: error - bounced
2026-07-24 17:15:11 - ProjectExtn/438e9b9235609ffb5461: error - bounced
2026-07-24 17:15:11 - Epay pending=58
2026-07-24 17:15:11 - Epay/g2b79bb7bcdb8887221b: warning - pending
2026-07-24 17:15:11 - Epay/g2d9cc1a69b71a49ff40: warning - pending
2026-07-24 17:15:11 - Epay/g23d0232841d2a907243: warning - pending
2026-07-24 17:15:12 - Epay/g1421d52a7c5d2838630: error - failed
2026-07-24 17:15:12 - Epay/g29a15cef67ec69e9504: error - bounced
2026-07-24 17:15:12 - Epay/g2fd09f6e19ec6382424: warning - pending
2026-07-24 17:15:12 - Epay/g1d933545923d13d5bb7: error - failed
2026-07-24 17:15:12 - Epay/g254a39ae11cb5d8421a: error - failed
2026-07-24 17:15:12 - Epay/g2317d2dc6f4ceb430c3: error - dropped
2026-07-24 17:15:12 - Epay/g2651751b4e43b038029: error - bounced
2026-07-24 17:15:13 - Epay/g2cbfa97983b5c40a501: warning - pending
2026-07-24 17:15:13 - Epay/g280c70c7c84b2e7cab8: error - dropped
2026-07-24 17:15:13 - Epay/g2b309717c7ba0164c0b: error - bounced
2026-07-24 17:15:13 - Epay/g2fe2d56aa87635b4678: error - userCancelled
2026-07-24 17:15:13 - Epay/g29761e4afad0ab33476: warning - pending
2026-07-24 17:15:13 - Epay/g1f6f30c28ebe4f8b9d4: error - dropped
2026-07-24 17:15:13 - Epay/g28cccb05f210cf88705: warning - pending
2026-07-24 17:15:13 - Epay/g2b8f8c7514fa6b10900: error - failed
2026-07-24 17:15:14 - Epay/g13fe23cae94be5fc1a2: error - dropped
2026-07-24 17:15:14 - Epay/g2ee5f2eeca93482dfdf: error - failed
2026-07-24 17:15:14 - Epay/g2e1044a06fec3740fbe: error - failed
2026-07-24 17:15:14 - Epay/g2db75ced2b25f997771: error - failed
2026-07-24 17:15:14 - Epay/g21e9c6593a47b543412: error - bounced
2026-07-24 17:15:14 - Epay/g21738e07754ece75061: error - dropped
2026-07-24 17:15:15 - Epay/g250f99378c449828743: error - failed
2026-07-24 17:15:15 - Epay/g2c59a720b24977a7121: error - bounced
2026-07-24 17:15:15 - Epay/g2cce4651f2c7f199fab: error - userCancelled
2026-07-24 17:15:15 - Epay/g2872fc0a0c8c8ae8aaf: error - bounced
2026-07-24 17:15:15 - Epay/g2463ca4b57ccbfa4799: error - userCancelled
2026-07-24 17:15:15 - Epay/g205f7a329cc91be3a77: error - failed
2026-07-24 17:15:15 - Epay/g24dce24f73b0deb2aba: error - bounced
2026-07-24 17:15:15 - Epay/g16bc09379a7a2a82c6f: error - dropped
2026-07-24 17:15:16 - Epay/g1b947d729a4e56cc55d: error - bounced
2026-07-24 17:15:16 - Epay/g1a11423f2b1bbde7de6: error - bounced
2026-07-24 17:15:16 - Epay/g1489653321b45822a8f: error - bounced
2026-07-24 17:15:16 - Epay/g139bbe7b1f98d8a1a45: error - bounced
2026-07-24 17:15:16 - Epay/g14b77517c7ae39728a1: error - No record found in payment gateway verification.
2026-07-24 17:15:16 - Epay/g2ad2d53e1fc797ab72f: error - bounced
2026-07-24 17:15:16 - Epay/g2ec8dffd490357bbe43: error - failed
2026-07-24 17:15:17 - Epay/g28f5762179a1f86cdf3: error - userCancelled
2026-07-24 17:15:17 - Epay/g177b445f0e2446c2bca: error - bounced
2026-07-24 17:15:17 - Epay/g20f3efb1b6c81ef4054: error - bounced
2026-07-24 17:15:17 - Epay/g22bab6a03e6d9222b12: error - bounced
2026-07-24 17:15:17 - Epay/g2543e9439c3f7373169: error - bounced
2026-07-24 17:15:17 - Epay/g2d57f75302838ed4dcc: error - userCancelled
2026-07-24 17:15:17 - Epay/g1615397d6cd723de426: error - failed
2026-07-24 17:15:17 - Epay/g1705a7c639a7a8531d3: error - dropped
2026-07-24 17:15:18 - Epay/g1c3468e38214191f233: error - dropped
2026-07-24 17:15:18 - Epay/g21efe34f59d71a840a1: error - bounced
2026-07-24 17:15:18 - Epay/g13494762bae1f78cc06: error - dropped
2026-07-24 17:15:18 - Epay/g2af4ea478f45dfbca3b: error - userCancelled
2026-07-24 17:15:18 - Epay/g2cb8d52628089bf2ed2: error - bounced
2026-07-24 17:15:18 - Epay/g20e3501b3a61cecd818: error - dropped
2026-07-24 17:15:18 - Epay/g10d690b1b0e36d60e8d: error - failed
2026-07-24 17:15:18 - Epay/g15390f5254889c20c4f: error - bounced
2026-07-24 17:15:19 - Epay/g2b4985d0b2269cf76db: error - dropped
2026-07-24 17:15:19 - Epay/g2154ecbb87ed9a126ad: error - dropped
2026-07-24 17:15:19 - Epay/g24d82fb09e807ad134a: error - userCancelled
2026-07-24 17:30:05 - Form-M pending=17, Form-N pending=1
2026-07-24 17:30:05 - FormM/6dc8f0d5f7943bbd0f19: error - bounced
2026-07-24 17:30:05 - FormM/acd08367d702032aceb1: error - bounced
2026-07-24 17:30:06 - FormM/af039d677356bd5f6550: error - userCancelled
2026-07-24 17:30:06 - FormM/6c0d0e4fb8d9573868af: error - failed
2026-07-24 17:30:06 - FormM/cb9ebd51f8431b3de3a6: error - failed
2026-07-24 17:30:06 - FormM/a683cac48c7bd65c7fa7: error - failed
2026-07-24 17:30:06 - FormM/b9b600a380e9605650de: error - failed
2026-07-24 17:30:06 - FormM/f01a7f62cc12fbab8eea: error - bounced
2026-07-24 17:30:06 - FormM/3579b81a558fd4f016c3: error - userCancelled
2026-07-24 17:30:06 - FormM/02ca6e711bcba0fadc5c: error - failed
2026-07-24 17:30:07 - FormM/52b4fc0d4a0eacbf2ba1: error - failed
2026-07-24 17:30:07 - FormM/f6e624fdafff0cb4f37b: error - userCancelled
2026-07-24 17:30:07 - FormM/63cdfb117094248519b7: error - userCancelled
2026-07-24 17:30:07 - FormM/3464c22f87bb01d55b75: error - userCancelled
2026-07-24 17:30:07 - FormM/1e172c7a24da9a8edd3e: error - userCancelled
2026-07-24 17:30:07 - FormM/d3eadfb12ee575842a82: error - dropped
2026-07-24 17:30:07 - FormM/62aacc8dc7c6592b199e: error - userCancelled
2026-07-24 17:30:08 - FormN/193fe60ccd7197a3ac68: error - failed
2026-07-24 17:30:08 - Agent pending=9
2026-07-24 17:30:08 - Agent/718e728dc1389e17eb81: error - bounced
2026-07-24 17:30:08 - Agent/09ce8396be350b1deedc: error - No record found in payment gateway verification.
2026-07-24 17:30:08 - Agent/4883b5b0b419577ce3fe: error - No record found in payment gateway verification.
2026-07-24 17:30:08 - Agent/f5a572a09c394720a997: error - failed
2026-07-24 17:30:08 - Agent/b2d78dd0e9c750fa9354: error - bounced
2026-07-24 17:30:08 - Agent/e471e3007ac3298014cd: error - failed
2026-07-24 17:30:08 - Agent/07a9b7ddab17e0b0ca18: error - bounced
2026-07-24 17:30:09 - Agent/79f11894e29f0586e47f: error - userCancelled
2026-07-24 17:30:09 - Agent/8d8c2872bffd2b023307: error - bounced
2026-07-24 17:30:09 - Project pending=11, ProjectExtn pending=4
2026-07-24 17:30:09 - Project/49ba4d4f07a959bd3751: warning - pending
2026-07-24 17:30:09 - Project/6388c11c5751effe37fa: warning - pending
2026-07-24 17:30:09 - Project/8070aa8e7afebed84b26: warning - pending
2026-07-24 17:30:09 - Project/588ce4e2f640f0d9d750: error - failed
2026-07-24 17:30:09 - Project/4ffd2f46b5965f4c787e: error - failed
2026-07-24 17:30:10 - Project/e65a3b19e160d08625c6: error - failed
2026-07-24 17:30:10 - Project/185d0bcb549908b49131: error - failed
2026-07-24 17:30:10 - Project/cb440f90b884bee2ec94: error - failed
2026-07-24 17:30:10 - Project/c58067aa1a22b0f54ac7: error - dropped
2026-07-24 17:30:10 - Project/d268be2d264599f534f8: error - bounced
2026-07-24 17:30:10 - Project/25756fe590ec785db299: error - bounced
2026-07-24 17:30:10 - ProjectExtn/1b1ac5fe1a548a16d5a2: warning - pending
2026-07-24 17:30:11 - ProjectExtn/8035e2c458e2490b0ad1: error - userCancelled
2026-07-24 17:30:11 - ProjectExtn/68a8494222998ff4d21f: error - bounced
2026-07-24 17:30:11 - ProjectExtn/438e9b9235609ffb5461: error - bounced
2026-07-24 17:30:11 - Epay pending=58
2026-07-24 17:30:11 - Epay/g2b79bb7bcdb8887221b: warning - pending
2026-07-24 17:30:11 - Epay/g2d9cc1a69b71a49ff40: warning - pending
2026-07-24 17:30:11 - Epay/g23d0232841d2a907243: warning - pending
2026-07-24 17:30:11 - Epay/g1421d52a7c5d2838630: error - failed
2026-07-24 17:30:12 - Epay/g29a15cef67ec69e9504: error - bounced
2026-07-24 17:30:12 - Epay/g2fd09f6e19ec6382424: warning - pending
2026-07-24 17:30:12 - Epay/g1d933545923d13d5bb7: error - failed
2026-07-24 17:30:12 - Epay/g254a39ae11cb5d8421a: error - failed
2026-07-24 17:30:12 - Epay/g2317d2dc6f4ceb430c3: error - dropped
2026-07-24 17:30:12 - Epay/g2651751b4e43b038029: error - bounced
2026-07-24 17:30:12 - Epay/g2cbfa97983b5c40a501: warning - pending
2026-07-24 17:30:13 - Epay/g280c70c7c84b2e7cab8: error - dropped
2026-07-24 17:30:13 - Epay/g2b309717c7ba0164c0b: error - bounced
2026-07-24 17:30:13 - Epay/g2fe2d56aa87635b4678: error - userCancelled
2026-07-24 17:30:13 - Epay/g29761e4afad0ab33476: warning - pending
2026-07-24 17:30:13 - Epay/g1f6f30c28ebe4f8b9d4: error - dropped
2026-07-24 17:30:13 - Epay/g28cccb05f210cf88705: warning - pending
2026-07-24 17:30:13 - Epay/g2b8f8c7514fa6b10900: error - failed
2026-07-24 17:30:13 - Epay/g13fe23cae94be5fc1a2: error - dropped
2026-07-24 17:30:14 - Epay/g2ee5f2eeca93482dfdf: error - failed
2026-07-24 17:30:14 - Epay/g2e1044a06fec3740fbe: error - failed
2026-07-24 17:30:14 - Epay/g2db75ced2b25f997771: error - failed
2026-07-24 17:30:14 - Epay/g21e9c6593a47b543412: error - bounced
2026-07-24 17:30:14 - Epay/g21738e07754ece75061: error - dropped
2026-07-24 17:30:14 - Epay/g250f99378c449828743: error - failed
2026-07-24 17:30:14 - Epay/g2c59a720b24977a7121: error - bounced
2026-07-24 17:30:14 - Epay/g2cce4651f2c7f199fab: error - userCancelled
2026-07-24 17:30:15 - Epay/g2872fc0a0c8c8ae8aaf: error - bounced
2026-07-24 17:30:15 - Epay/g2463ca4b57ccbfa4799: error - userCancelled
2026-07-24 17:30:15 - Epay/g205f7a329cc91be3a77: error - failed
2026-07-24 17:30:15 - Epay/g24dce24f73b0deb2aba: error - bounced
2026-07-24 17:30:15 - Epay/g16bc09379a7a2a82c6f: error - dropped
2026-07-24 17:30:15 - Epay/g1b947d729a4e56cc55d: error - bounced
2026-07-24 17:30:15 - Epay/g1a11423f2b1bbde7de6: error - bounced
2026-07-24 17:30:16 - Epay/g1489653321b45822a8f: error - bounced
2026-07-24 17:30:16 - Epay/g139bbe7b1f98d8a1a45: error - bounced
2026-07-24 17:30:16 - Epay/g14b77517c7ae39728a1: error - No record found in payment gateway verification.
2026-07-24 17:30:16 - Epay/g2ad2d53e1fc797ab72f: error - bounced
2026-07-24 17:30:16 - Epay/g2ec8dffd490357bbe43: error - failed
2026-07-24 17:30:16 - Epay/g28f5762179a1f86cdf3: error - userCancelled
2026-07-24 17:30:16 - Epay/g177b445f0e2446c2bca: error - bounced
2026-07-24 17:30:16 - Epay/g20f3efb1b6c81ef4054: error - bounced
2026-07-24 17:30:17 - Epay/g22bab6a03e6d9222b12: error - bounced
2026-07-24 17:30:17 - Epay/g2543e9439c3f7373169: error - bounced
2026-07-24 17:30:17 - Epay/g2d57f75302838ed4dcc: error - userCancelled
2026-07-24 17:30:17 - Epay/g1615397d6cd723de426: error - failed
2026-07-24 17:30:17 - Epay/g1705a7c639a7a8531d3: error - dropped
2026-07-24 17:30:17 - Epay/g1c3468e38214191f233: error - dropped
2026-07-24 17:30:17 - Epay/g21efe34f59d71a840a1: error - bounced
2026-07-24 17:30:18 - Epay/g13494762bae1f78cc06: error - dropped
2026-07-24 17:30:18 - Epay/g2af4ea478f45dfbca3b: error - userCancelled
2026-07-24 17:30:18 - Epay/g2cb8d52628089bf2ed2: error - bounced
2026-07-24 17:30:18 - Epay/g20e3501b3a61cecd818: error - dropped
2026-07-24 17:30:18 - Epay/g10d690b1b0e36d60e8d: error - failed
2026-07-24 17:30:18 - Epay/g15390f5254889c20c4f: error - bounced
2026-07-24 17:30:18 - Epay/g2b4985d0b2269cf76db: error - dropped
2026-07-24 17:30:18 - Epay/g2154ecbb87ed9a126ad: error - dropped
2026-07-24 17:30:19 - Epay/g24d82fb09e807ad134a: error - userCancelled
2026-07-24 17:45:05 - Form-M pending=17, Form-N pending=1
2026-07-24 17:45:06 - FormM/6dc8f0d5f7943bbd0f19: error - bounced
2026-07-24 17:45:06 - FormM/acd08367d702032aceb1: error - bounced
2026-07-24 17:45:06 - FormM/af039d677356bd5f6550: error - userCancelled
2026-07-24 17:45:07 - FormM/6c0d0e4fb8d9573868af: error - failed
2026-07-24 17:45:07 - FormM/cb9ebd51f8431b3de3a6: error - failed
2026-07-24 17:45:07 - FormM/a683cac48c7bd65c7fa7: error - failed
2026-07-24 17:45:07 - FormM/b9b600a380e9605650de: error - failed
2026-07-24 17:45:07 - FormM/f01a7f62cc12fbab8eea: error - bounced
2026-07-24 17:45:07 - FormM/3579b81a558fd4f016c3: error - userCancelled
2026-07-24 17:45:07 - FormM/02ca6e711bcba0fadc5c: error - failed
2026-07-24 17:45:08 - FormM/52b4fc0d4a0eacbf2ba1: error - failed
2026-07-24 17:45:08 - FormM/f6e624fdafff0cb4f37b: error - userCancelled
2026-07-24 17:45:08 - FormM/63cdfb117094248519b7: error - userCancelled
2026-07-24 17:45:08 - FormM/3464c22f87bb01d55b75: error - userCancelled
2026-07-24 17:45:08 - FormM/1e172c7a24da9a8edd3e: error - userCancelled
2026-07-24 17:45:08 - FormM/d3eadfb12ee575842a82: error - dropped
2026-07-24 17:45:09 - FormM/62aacc8dc7c6592b199e: error - userCancelled
2026-07-24 17:45:09 - FormN/193fe60ccd7197a3ac68: error - failed
2026-07-24 17:45:09 - Agent pending=9
2026-07-24 17:45:09 - Agent/718e728dc1389e17eb81: error - bounced
2026-07-24 17:45:09 - Agent/09ce8396be350b1deedc: error - No record found in payment gateway verification.
2026-07-24 17:45:09 - Agent/4883b5b0b419577ce3fe: error - No record found in payment gateway verification.
2026-07-24 17:45:09 - Agent/f5a572a09c394720a997: error - failed
2026-07-24 17:45:09 - Agent/b2d78dd0e9c750fa9354: error - bounced
2026-07-24 17:45:10 - Agent/e471e3007ac3298014cd: error - failed
2026-07-24 17:45:10 - Agent/07a9b7ddab17e0b0ca18: error - bounced
2026-07-24 17:45:10 - Agent/79f11894e29f0586e47f: error - userCancelled
2026-07-24 17:45:10 - Agent/8d8c2872bffd2b023307: error - bounced
2026-07-24 17:45:10 - Project pending=11, ProjectExtn pending=4
2026-07-24 17:45:10 - Project/49ba4d4f07a959bd3751: warning - pending
2026-07-24 17:45:10 - Project/6388c11c5751effe37fa: warning - pending
2026-07-24 17:45:10 - Project/8070aa8e7afebed84b26: warning - pending
2026-07-24 17:45:11 - Project/588ce4e2f640f0d9d750: error - failed
2026-07-24 17:45:11 - Project/4ffd2f46b5965f4c787e: error - failed
2026-07-24 17:45:11 - Project/e65a3b19e160d08625c6: error - failed
2026-07-24 17:45:11 - Project/185d0bcb549908b49131: error - failed
2026-07-24 17:45:11 - Project/cb440f90b884bee2ec94: error - failed
2026-07-24 17:45:11 - Project/c58067aa1a22b0f54ac7: error - dropped
2026-07-24 17:45:11 - Project/d268be2d264599f534f8: error - bounced
2026-07-24 17:45:12 - Project/25756fe590ec785db299: error - bounced
2026-07-24 17:45:12 - ProjectExtn/1b1ac5fe1a548a16d5a2: warning - pending
2026-07-24 17:45:12 - ProjectExtn/8035e2c458e2490b0ad1: error - userCancelled
2026-07-24 17:45:12 - ProjectExtn/68a8494222998ff4d21f: error - bounced
2026-07-24 17:45:12 - ProjectExtn/438e9b9235609ffb5461: error - bounced
2026-07-24 17:45:12 - Epay pending=58
2026-07-24 17:45:12 - Epay/g2b79bb7bcdb8887221b: warning - pending
2026-07-24 17:45:12 - Epay/g2d9cc1a69b71a49ff40: warning - pending
2026-07-24 17:45:13 - Epay/g23d0232841d2a907243: warning - pending
2026-07-24 17:45:13 - Epay/g1421d52a7c5d2838630: error - failed
2026-07-24 17:45:13 - Epay/g29a15cef67ec69e9504: error - bounced
2026-07-24 17:45:13 - Epay/g2fd09f6e19ec6382424: warning - pending
2026-07-24 17:45:13 - Epay/g1d933545923d13d5bb7: error - failed
2026-07-24 17:45:13 - Epay/g254a39ae11cb5d8421a: error - failed
2026-07-24 17:45:13 - Epay/g2317d2dc6f4ceb430c3: error - dropped
2026-07-24 17:45:14 - Epay/g2651751b4e43b038029: error - bounced
2026-07-24 17:45:14 - Epay/g2cbfa97983b5c40a501: warning - pending
2026-07-24 17:45:14 - Epay/g280c70c7c84b2e7cab8: error - dropped
2026-07-24 17:45:14 - Epay/g2b309717c7ba0164c0b: error - bounced
2026-07-24 17:45:14 - Epay/g2fe2d56aa87635b4678: error - userCancelled
2026-07-24 17:45:14 - Epay/g29761e4afad0ab33476: warning - pending
2026-07-24 17:45:15 - Epay/g1f6f30c28ebe4f8b9d4: error - dropped
2026-07-24 17:45:15 - Epay/g28cccb05f210cf88705: warning - pending
2026-07-24 17:45:15 - Epay/g2b8f8c7514fa6b10900: error - failed
2026-07-24 17:45:15 - Epay/g13fe23cae94be5fc1a2: error - dropped
2026-07-24 17:45:15 - Epay/g2ee5f2eeca93482dfdf: error - failed
2026-07-24 17:45:15 - Epay/g2e1044a06fec3740fbe: error - failed
2026-07-24 17:45:15 - Epay/g2db75ced2b25f997771: error - failed
2026-07-24 17:45:16 - Epay/g21e9c6593a47b543412: error - bounced
2026-07-24 17:45:16 - Epay/g21738e07754ece75061: error - dropped
2026-07-24 17:45:16 - Epay/g250f99378c449828743: error - failed
2026-07-24 17:45:16 - Epay/g2c59a720b24977a7121: error - bounced
2026-07-24 17:45:16 - Epay/g2cce4651f2c7f199fab: error - userCancelled
2026-07-24 17:45:16 - Epay/g2872fc0a0c8c8ae8aaf: error - bounced
2026-07-24 17:45:17 - Epay/g2463ca4b57ccbfa4799: error - userCancelled
2026-07-24 17:45:17 - Epay/g205f7a329cc91be3a77: error - failed
2026-07-24 17:45:17 - Epay/g24dce24f73b0deb2aba: error - bounced
2026-07-24 17:45:17 - Epay/g16bc09379a7a2a82c6f: error - dropped
2026-07-24 17:45:17 - Epay/g1b947d729a4e56cc55d: error - bounced
2026-07-24 17:45:17 - Epay/g1a11423f2b1bbde7de6: error - bounced
2026-07-24 17:45:17 - Epay/g1489653321b45822a8f: error - bounced
2026-07-24 17:45:18 - Epay/g139bbe7b1f98d8a1a45: error - bounced
2026-07-24 17:45:18 - Epay/g14b77517c7ae39728a1: error - No record found in payment gateway verification.
2026-07-24 17:45:18 - Epay/g2ad2d53e1fc797ab72f: error - bounced
2026-07-24 17:45:18 - Epay/g2ec8dffd490357bbe43: error - failed
2026-07-24 17:45:18 - Epay/g28f5762179a1f86cdf3: error - userCancelled
2026-07-24 17:45:18 - Epay/g177b445f0e2446c2bca: error - bounced
2026-07-24 17:45:19 - Epay/g20f3efb1b6c81ef4054: error - bounced
2026-07-24 17:45:19 - Epay/g22bab6a03e6d9222b12: error - bounced
2026-07-24 17:45:19 - Epay/g2543e9439c3f7373169: error - bounced
2026-07-24 17:45:19 - Epay/g2d57f75302838ed4dcc: error - userCancelled
2026-07-24 17:45:19 - Epay/g1615397d6cd723de426: error - failed
2026-07-24 17:45:19 - Epay/g1705a7c639a7a8531d3: error - dropped
2026-07-24 17:45:19 - Epay/g1c3468e38214191f233: error - dropped
2026-07-24 17:45:20 - Epay/g21efe34f59d71a840a1: error - bounced
2026-07-24 17:45:20 - Epay/g13494762bae1f78cc06: error - dropped
2026-07-24 17:45:20 - Epay/g2af4ea478f45dfbca3b: error - userCancelled
2026-07-24 17:45:20 - Epay/g2cb8d52628089bf2ed2: error - bounced
2026-07-24 17:45:20 - Epay/g20e3501b3a61cecd818: error - dropped
2026-07-24 17:45:20 - Epay/g10d690b1b0e36d60e8d: error - failed
2026-07-24 17:45:20 - Epay/g15390f5254889c20c4f: error - bounced
2026-07-24 17:45:21 - Epay/g2b4985d0b2269cf76db: error - dropped
2026-07-24 17:45:21 - Epay/g2154ecbb87ed9a126ad: error - dropped
2026-07-24 17:45:21 - Epay/g24d82fb09e807ad134a: error - userCancelled
2026-07-24 18:00:06 - Form-M pending=18, Form-N pending=1
2026-07-24 18:00:06 - FormM/2ba93bc047515619deef: success - Payment verified and updated successfully.
2026-07-24 18:00:07 - FormM/6dc8f0d5f7943bbd0f19: error - bounced
2026-07-24 18:00:07 - FormM/acd08367d702032aceb1: error - bounced
2026-07-24 18:00:07 - FormM/af039d677356bd5f6550: error - userCancelled
2026-07-24 18:00:07 - FormM/6c0d0e4fb8d9573868af: error - failed
2026-07-24 18:00:07 - FormM/cb9ebd51f8431b3de3a6: error - failed
2026-07-24 18:00:08 - FormM/a683cac48c7bd65c7fa7: error - failed
2026-07-24 18:00:08 - FormM/b9b600a380e9605650de: error - failed
2026-07-24 18:00:08 - FormM/f01a7f62cc12fbab8eea: error - bounced
2026-07-24 18:00:08 - FormM/3579b81a558fd4f016c3: error - userCancelled
2026-07-24 18:00:08 - FormM/02ca6e711bcba0fadc5c: error - failed
2026-07-24 18:00:08 - FormM/52b4fc0d4a0eacbf2ba1: error - failed
2026-07-24 18:00:08 - FormM/f6e624fdafff0cb4f37b: error - userCancelled
2026-07-24 18:00:09 - FormM/63cdfb117094248519b7: error - userCancelled
2026-07-24 18:00:09 - FormM/3464c22f87bb01d55b75: error - userCancelled
2026-07-24 18:00:09 - FormM/1e172c7a24da9a8edd3e: error - userCancelled
2026-07-24 18:00:09 - FormM/d3eadfb12ee575842a82: error - dropped
2026-07-24 18:00:09 - FormM/62aacc8dc7c6592b199e: error - userCancelled
2026-07-24 18:00:09 - FormN/193fe60ccd7197a3ac68: error - failed
2026-07-24 18:00:09 - Agent pending=9
2026-07-24 18:00:09 - Agent/718e728dc1389e17eb81: error - bounced
2026-07-24 18:00:09 - Agent/09ce8396be350b1deedc: error - No record found in payment gateway verification.
2026-07-24 18:00:10 - Agent/4883b5b0b419577ce3fe: error - No record found in payment gateway verification.
2026-07-24 18:00:10 - Agent/f5a572a09c394720a997: error - failed
2026-07-24 18:00:10 - Agent/b2d78dd0e9c750fa9354: error - bounced
2026-07-24 18:00:10 - Agent/e471e3007ac3298014cd: error - failed
2026-07-24 18:00:10 - Agent/07a9b7ddab17e0b0ca18: error - bounced
2026-07-24 18:00:10 - Agent/79f11894e29f0586e47f: error - userCancelled
2026-07-24 18:00:10 - Agent/8d8c2872bffd2b023307: error - bounced
2026-07-24 18:00:10 - Project pending=11, ProjectExtn pending=4
2026-07-24 18:00:11 - Project/49ba4d4f07a959bd3751: warning - pending
2026-07-24 18:00:11 - Project/6388c11c5751effe37fa: warning - pending
2026-07-24 18:00:11 - Project/8070aa8e7afebed84b26: warning - pending
2026-07-24 18:00:11 - Project/588ce4e2f640f0d9d750: error - failed
2026-07-24 18:00:11 - Project/4ffd2f46b5965f4c787e: error - failed
2026-07-24 18:00:11 - Project/e65a3b19e160d08625c6: error - failed
2026-07-24 18:00:11 - Project/185d0bcb549908b49131: error - failed
2026-07-24 18:00:11 - Project/cb440f90b884bee2ec94: error - failed
2026-07-24 18:00:12 - Project/c58067aa1a22b0f54ac7: error - dropped
2026-07-24 18:00:12 - Project/d268be2d264599f534f8: error - bounced
2026-07-24 18:00:12 - Project/25756fe590ec785db299: error - bounced
2026-07-24 18:00:12 - ProjectExtn/1b1ac5fe1a548a16d5a2: warning - pending
2026-07-24 18:00:12 - ProjectExtn/8035e2c458e2490b0ad1: error - userCancelled
2026-07-24 18:00:12 - ProjectExtn/68a8494222998ff4d21f: error - bounced
2026-07-24 18:00:12 - ProjectExtn/438e9b9235609ffb5461: error - bounced
2026-07-24 18:00:12 - Epay pending=58
2026-07-24 18:00:13 - Epay/g2b79bb7bcdb8887221b: warning - pending
2026-07-24 18:00:13 - Epay/g2d9cc1a69b71a49ff40: warning - pending
2026-07-24 18:00:13 - Epay/g23d0232841d2a907243: warning - pending
2026-07-24 18:00:13 - Epay/g1421d52a7c5d2838630: error - failed
2026-07-24 18:00:13 - Epay/g29a15cef67ec69e9504: error - bounced
2026-07-24 18:00:13 - Epay/g2fd09f6e19ec6382424: warning - pending
2026-07-24 18:00:13 - Epay/g1d933545923d13d5bb7: error - failed
2026-07-24 18:00:14 - Epay/g254a39ae11cb5d8421a: error - failed
2026-07-24 18:00:14 - Epay/g2317d2dc6f4ceb430c3: error - dropped
2026-07-24 18:00:14 - Epay/g2651751b4e43b038029: error - bounced
2026-07-24 18:00:14 - Epay/g2cbfa97983b5c40a501: warning - pending
2026-07-24 18:00:14 - Epay/g280c70c7c84b2e7cab8: error - dropped
2026-07-24 18:00:14 - Epay/g2b309717c7ba0164c0b: error - bounced
2026-07-24 18:00:14 - Epay/g2fe2d56aa87635b4678: error - userCancelled
2026-07-24 18:00:15 - Epay/g29761e4afad0ab33476: warning - pending
2026-07-24 18:00:15 - Epay/g1f6f30c28ebe4f8b9d4: error - dropped
2026-07-24 18:00:15 - Epay/g28cccb05f210cf88705: warning - pending
2026-07-24 18:00:15 - Epay/g2b8f8c7514fa6b10900: error - failed
2026-07-24 18:00:15 - Epay/g13fe23cae94be5fc1a2: error - dropped
2026-07-24 18:00:15 - Epay/g2ee5f2eeca93482dfdf: error - failed
2026-07-24 18:00:15 - Epay/g2e1044a06fec3740fbe: error - failed
2026-07-24 18:00:15 - Epay/g2db75ced2b25f997771: error - failed
2026-07-24 18:00:16 - Epay/g21e9c6593a47b543412: error - bounced
2026-07-24 18:00:16 - Epay/g21738e07754ece75061: error - dropped
2026-07-24 18:00:16 - Epay/g250f99378c449828743: error - failed
2026-07-24 18:00:16 - Epay/g2c59a720b24977a7121: error - bounced
2026-07-24 18:00:16 - Epay/g2cce4651f2c7f199fab: error - userCancelled
2026-07-24 18:00:16 - Epay/g2872fc0a0c8c8ae8aaf: error - bounced
2026-07-24 18:00:16 - Epay/g2463ca4b57ccbfa4799: error - userCancelled
2026-07-24 18:00:17 - Epay/g205f7a329cc91be3a77: error - failed
2026-07-24 18:00:17 - Epay/g24dce24f73b0deb2aba: error - bounced
2026-07-24 18:00:17 - Epay/g16bc09379a7a2a82c6f: error - dropped
2026-07-24 18:00:17 - Epay/g1b947d729a4e56cc55d: error - bounced
2026-07-24 18:00:17 - Epay/g1a11423f2b1bbde7de6: error - bounced
2026-07-24 18:00:17 - Epay/g1489653321b45822a8f: error - bounced
2026-07-24 18:00:17 - Epay/g139bbe7b1f98d8a1a45: error - bounced
2026-07-24 18:00:17 - Epay/g14b77517c7ae39728a1: error - No record found in payment gateway verification.
2026-07-24 18:00:18 - Epay/g2ad2d53e1fc797ab72f: error - bounced
2026-07-24 18:00:18 - Epay/g2ec8dffd490357bbe43: error - failed
2026-07-24 18:00:18 - Epay/g28f5762179a1f86cdf3: error - userCancelled
2026-07-24 18:00:18 - Epay/g177b445f0e2446c2bca: error - bounced
2026-07-24 18:00:18 - Epay/g20f3efb1b6c81ef4054: error - bounced
2026-07-24 18:00:18 - Epay/g22bab6a03e6d9222b12: error - bounced
2026-07-24 18:00:18 - Epay/g2543e9439c3f7373169: error - bounced
2026-07-24 18:00:18 - Epay/g2d57f75302838ed4dcc: error - userCancelled
2026-07-24 18:00:19 - Epay/g1615397d6cd723de426: error - failed
2026-07-24 18:00:19 - Epay/g1705a7c639a7a8531d3: error - dropped
2026-07-24 18:00:19 - Epay/g1c3468e38214191f233: error - dropped
2026-07-24 18:00:19 - Epay/g21efe34f59d71a840a1: error - bounced
2026-07-24 18:00:19 - Epay/g13494762bae1f78cc06: error - dropped
2026-07-24 18:00:19 - Epay/g2af4ea478f45dfbca3b: error - userCancelled
2026-07-24 18:00:19 - Epay/g2cb8d52628089bf2ed2: error - bounced
2026-07-24 18:00:20 - Epay/g20e3501b3a61cecd818: error - dropped
2026-07-24 18:00:20 - Epay/g10d690b1b0e36d60e8d: error - failed
2026-07-24 18:00:20 - Epay/g15390f5254889c20c4f: error - bounced
2026-07-24 18:00:20 - Epay/g2b4985d0b2269cf76db: error - dropped
2026-07-24 18:00:20 - Epay/g2154ecbb87ed9a126ad: error - dropped
2026-07-24 18:00:20 - Epay/g24d82fb09e807ad134a: error - userCancelled
2026-07-24 18:15:06 - Form-M pending=17, Form-N pending=1
2026-07-24 18:15:07 - FormM/6dc8f0d5f7943bbd0f19: error - bounced
2026-07-24 18:15:07 - FormM/acd08367d702032aceb1: error - bounced
2026-07-24 18:15:07 - FormM/af039d677356bd5f6550: error - userCancelled
2026-07-24 18:15:07 - FormM/6c0d0e4fb8d9573868af: error - failed
2026-07-24 18:15:07 - FormM/cb9ebd51f8431b3de3a6: error - failed
2026-07-24 18:15:07 - FormM/a683cac48c7bd65c7fa7: error - failed
2026-07-24 18:15:07 - FormM/b9b600a380e9605650de: error - failed
2026-07-24 18:15:08 - FormM/f01a7f62cc12fbab8eea: error - bounced
2026-07-24 18:15:08 - FormM/3579b81a558fd4f016c3: error - userCancelled
2026-07-24 18:15:08 - FormM/02ca6e711bcba0fadc5c: error - failed
2026-07-24 18:15:08 - FormM/52b4fc0d4a0eacbf2ba1: error - failed
2026-07-24 18:15:08 - FormM/f6e624fdafff0cb4f37b: error - userCancelled
2026-07-24 18:15:08 - FormM/63cdfb117094248519b7: error - userCancelled
2026-07-24 18:15:08 - FormM/3464c22f87bb01d55b75: error - userCancelled
2026-07-24 18:15:09 - FormM/1e172c7a24da9a8edd3e: error - userCancelled
2026-07-24 18:15:09 - FormM/d3eadfb12ee575842a82: error - dropped
2026-07-24 18:15:09 - FormM/62aacc8dc7c6592b199e: error - userCancelled
2026-07-24 18:15:09 - FormN/193fe60ccd7197a3ac68: error - failed
2026-07-24 18:15:09 - Agent pending=9
2026-07-24 18:15:09 - Agent/718e728dc1389e17eb81: error - bounced
2026-07-24 18:15:09 - Agent/09ce8396be350b1deedc: error - No record found in payment gateway verification.
2026-07-24 18:15:09 - Agent/4883b5b0b419577ce3fe: error - No record found in payment gateway verification.
2026-07-24 18:15:09 - Agent/f5a572a09c394720a997: error - failed
2026-07-24 18:15:10 - Agent/b2d78dd0e9c750fa9354: error - bounced
2026-07-24 18:15:10 - Agent/e471e3007ac3298014cd: error - failed
2026-07-24 18:15:10 - Agent/07a9b7ddab17e0b0ca18: error - bounced
2026-07-24 18:15:10 - Agent/79f11894e29f0586e47f: error - userCancelled
2026-07-24 18:15:10 - Agent/8d8c2872bffd2b023307: error - bounced
2026-07-24 18:15:10 - Project pending=11, ProjectExtn pending=5
2026-07-24 18:15:10 - Project/49ba4d4f07a959bd3751: warning - pending
2026-07-24 18:15:10 - Project/6388c11c5751effe37fa: warning - pending
2026-07-24 18:15:11 - Project/8070aa8e7afebed84b26: warning - pending
2026-07-24 18:15:11 - Project/588ce4e2f640f0d9d750: error - failed
2026-07-24 18:15:11 - Project/4ffd2f46b5965f4c787e: error - failed
2026-07-24 18:15:11 - Project/e65a3b19e160d08625c6: error - failed
2026-07-24 18:15:11 - Project/185d0bcb549908b49131: error - failed
2026-07-24 18:15:11 - Project/cb440f90b884bee2ec94: error - failed
2026-07-24 18:15:11 - Project/c58067aa1a22b0f54ac7: error - dropped
2026-07-24 18:15:11 - Project/d268be2d264599f534f8: error - bounced
2026-07-24 18:15:12 - Project/25756fe590ec785db299: error - bounced
2026-07-24 18:15:12 - ProjectExtn/9a576d1b0d4ae8267528: warning - pending
2026-07-24 18:15:12 - ProjectExtn/1b1ac5fe1a548a16d5a2: warning - pending
2026-07-24 18:15:12 - ProjectExtn/8035e2c458e2490b0ad1: error - userCancelled
2026-07-24 18:15:12 - ProjectExtn/68a8494222998ff4d21f: error - bounced
2026-07-24 18:15:12 - ProjectExtn/438e9b9235609ffb5461: error - bounced
2026-07-24 18:15:12 - Epay pending=58
2026-07-24 18:15:12 - Epay/g2b79bb7bcdb8887221b: warning - pending
2026-07-24 18:15:13 - Epay/g2d9cc1a69b71a49ff40: warning - pending
2026-07-24 18:15:13 - Epay/g23d0232841d2a907243: warning - pending
2026-07-24 18:15:13 - Epay/g1421d52a7c5d2838630: error - failed
2026-07-24 18:15:13 - Epay/g29a15cef67ec69e9504: error - bounced
2026-07-24 18:15:13 - Epay/g2fd09f6e19ec6382424: warning - pending
2026-07-24 18:15:13 - Epay/g1d933545923d13d5bb7: error - failed
2026-07-24 18:15:13 - Epay/g254a39ae11cb5d8421a: error - failed
2026-07-24 18:15:14 - Epay/g2317d2dc6f4ceb430c3: error - dropped
2026-07-24 18:15:14 - Epay/g2651751b4e43b038029: error - bounced
2026-07-24 18:15:14 - Epay/g2cbfa97983b5c40a501: warning - pending
2026-07-24 18:15:14 - Epay/g280c70c7c84b2e7cab8: error - dropped
2026-07-24 18:15:14 - Epay/g2b309717c7ba0164c0b: error - bounced
2026-07-24 18:15:14 - Epay/g2fe2d56aa87635b4678: error - userCancelled
2026-07-24 18:15:14 - Epay/g29761e4afad0ab33476: warning - pending
2026-07-24 18:15:15 - Epay/g1f6f30c28ebe4f8b9d4: error - dropped
2026-07-24 18:15:15 - Epay/g28cccb05f210cf88705: warning - pending
2026-07-24 18:15:15 - Epay/g2b8f8c7514fa6b10900: error - failed
2026-07-24 18:15:15 - Epay/g13fe23cae94be5fc1a2: error - dropped
2026-07-24 18:15:15 - Epay/g2ee5f2eeca93482dfdf: error - failed
2026-07-24 18:15:15 - Epay/g2e1044a06fec3740fbe: error - failed
2026-07-24 18:15:15 - Epay/g2db75ced2b25f997771: error - failed
2026-07-24 18:15:15 - Epay/g21e9c6593a47b543412: error - bounced
2026-07-24 18:15:16 - Epay/g21738e07754ece75061: error - dropped
2026-07-24 18:15:16 - Epay/g250f99378c449828743: error - failed
2026-07-24 18:15:16 - Epay/g2c59a720b24977a7121: error - bounced
2026-07-24 18:15:16 - Epay/g2cce4651f2c7f199fab: error - userCancelled
2026-07-24 18:15:16 - Epay/g2872fc0a0c8c8ae8aaf: error - bounced
2026-07-24 18:15:16 - Epay/g2463ca4b57ccbfa4799: error - userCancelled
2026-07-24 18:15:16 - Epay/g205f7a329cc91be3a77: error - failed
2026-07-24 18:15:17 - Epay/g24dce24f73b0deb2aba: error - bounced
2026-07-24 18:15:17 - Epay/g16bc09379a7a2a82c6f: error - dropped
2026-07-24 18:15:17 - Epay/g1b947d729a4e56cc55d: error - bounced
2026-07-24 18:15:17 - Epay/g1a11423f2b1bbde7de6: error - bounced
2026-07-24 18:15:17 - Epay/g1489653321b45822a8f: error - bounced
2026-07-24 18:15:17 - Epay/g139bbe7b1f98d8a1a45: error - bounced
2026-07-24 18:15:17 - Epay/g14b77517c7ae39728a1: error - No record found in payment gateway verification.
2026-07-24 18:15:17 - Epay/g2ad2d53e1fc797ab72f: error - bounced
2026-07-24 18:15:18 - Epay/g2ec8dffd490357bbe43: error - failed
2026-07-24 18:15:18 - Epay/g28f5762179a1f86cdf3: error - userCancelled
2026-07-24 18:15:18 - Epay/g177b445f0e2446c2bca: error - bounced
2026-07-24 18:15:18 - Epay/g20f3efb1b6c81ef4054: error - bounced
2026-07-24 18:15:18 - Epay/g22bab6a03e6d9222b12: error - bounced
2026-07-24 18:15:18 - Epay/g2543e9439c3f7373169: error - bounced
2026-07-24 18:15:18 - Epay/g2d57f75302838ed4dcc: error - userCancelled
2026-07-24 18:15:18 - Epay/g1615397d6cd723de426: error - failed
2026-07-24 18:15:19 - Epay/g1705a7c639a7a8531d3: error - dropped
2026-07-24 18:15:19 - Epay/g1c3468e38214191f233: error - dropped
2026-07-24 18:15:19 - Epay/g21efe34f59d71a840a1: error - bounced
2026-07-24 18:15:19 - Epay/g13494762bae1f78cc06: error - dropped
2026-07-24 18:15:19 - Epay/g2af4ea478f45dfbca3b: error - userCancelled
2026-07-24 18:15:19 - Epay/g2cb8d52628089bf2ed2: error - bounced
2026-07-24 18:15:19 - Epay/g20e3501b3a61cecd818: error - dropped
2026-07-24 18:15:20 - Epay/g10d690b1b0e36d60e8d: error - failed
2026-07-24 18:15:20 - Epay/g15390f5254889c20c4f: error - bounced
2026-07-24 18:15:20 - Epay/g2b4985d0b2269cf76db: error - dropped
2026-07-24 18:15:20 - Epay/g2154ecbb87ed9a126ad: error - dropped
2026-07-24 18:15:20 - Epay/g24d82fb09e807ad134a: error - userCancelled
2026-07-24 18:30:07 - Form-M pending=17, Form-N pending=1
2026-07-24 18:30:07 - FormM/6dc8f0d5f7943bbd0f19: error - bounced
2026-07-24 18:30:08 - FormM/acd08367d702032aceb1: error - bounced
2026-07-24 18:30:08 - FormM/af039d677356bd5f6550: error - userCancelled
2026-07-24 18:30:08 - FormM/6c0d0e4fb8d9573868af: error - failed
2026-07-24 18:30:08 - FormM/cb9ebd51f8431b3de3a6: error - failed
2026-07-24 18:30:08 - FormM/a683cac48c7bd65c7fa7: error - failed
2026-07-24 18:30:08 - FormM/b9b600a380e9605650de: error - failed
2026-07-24 18:30:08 - FormM/f01a7f62cc12fbab8eea: error - bounced
2026-07-24 18:30:08 - FormM/3579b81a558fd4f016c3: error - userCancelled
2026-07-24 18:30:09 - FormM/02ca6e711bcba0fadc5c: error - failed
2026-07-24 18:30:09 - FormM/52b4fc0d4a0eacbf2ba1: error - failed
2026-07-24 18:30:09 - FormM/f6e624fdafff0cb4f37b: error - userCancelled
2026-07-24 18:30:09 - FormM/63cdfb117094248519b7: error - userCancelled
2026-07-24 18:30:09 - FormM/3464c22f87bb01d55b75: error - userCancelled
2026-07-24 18:30:09 - FormM/1e172c7a24da9a8edd3e: error - userCancelled
2026-07-24 18:30:09 - FormM/d3eadfb12ee575842a82: error - dropped
2026-07-24 18:30:10 - FormM/62aacc8dc7c6592b199e: error - userCancelled
2026-07-24 18:30:10 - FormN/193fe60ccd7197a3ac68: error - failed
2026-07-24 18:30:10 - Agent pending=9
2026-07-24 18:30:10 - Agent/718e728dc1389e17eb81: error - bounced
2026-07-24 18:30:10 - Agent/09ce8396be350b1deedc: error - No record found in payment gateway verification.
2026-07-24 18:30:11 - Agent/4883b5b0b419577ce3fe: error - No record found in payment gateway verification.
2026-07-24 18:30:11 - Agent/f5a572a09c394720a997: error - failed
2026-07-24 18:30:11 - Agent/b2d78dd0e9c750fa9354: error - bounced
2026-07-24 18:30:11 - Agent/e471e3007ac3298014cd: error - failed
2026-07-24 18:30:11 - Agent/07a9b7ddab17e0b0ca18: error - bounced
2026-07-24 18:30:11 - Agent/79f11894e29f0586e47f: error - userCancelled
2026-07-24 18:30:11 - Agent/8d8c2872bffd2b023307: error - bounced
2026-07-24 18:30:11 - Project pending=11, ProjectExtn pending=5
2026-07-24 18:30:12 - Project/49ba4d4f07a959bd3751: warning - pending
2026-07-24 18:30:12 - Project/6388c11c5751effe37fa: warning - pending
2026-07-24 18:30:12 - Project/8070aa8e7afebed84b26: warning - pending
2026-07-24 18:30:12 - Project/588ce4e2f640f0d9d750: error - failed
2026-07-24 18:30:12 - Project/4ffd2f46b5965f4c787e: error - failed
2026-07-24 18:30:12 - Project/e65a3b19e160d08625c6: error - failed
2026-07-24 18:30:12 - Project/185d0bcb549908b49131: error - failed
2026-07-24 18:30:12 - Project/cb440f90b884bee2ec94: error - failed
2026-07-24 18:30:13 - Project/c58067aa1a22b0f54ac7: error - dropped
2026-07-24 18:30:13 - Project/d268be2d264599f534f8: error - bounced
2026-07-24 18:30:13 - Project/25756fe590ec785db299: error - bounced
2026-07-24 18:30:13 - ProjectExtn/9a576d1b0d4ae8267528: warning - pending
2026-07-24 18:30:13 - ProjectExtn/1b1ac5fe1a548a16d5a2: warning - pending
2026-07-24 18:30:13 - ProjectExtn/8035e2c458e2490b0ad1: error - userCancelled
2026-07-24 18:30:13 - ProjectExtn/68a8494222998ff4d21f: error - bounced
2026-07-24 18:30:14 - ProjectExtn/438e9b9235609ffb5461: error - bounced
2026-07-24 18:30:14 - Epay pending=58
2026-07-24 18:30:14 - Epay/g2b79bb7bcdb8887221b: warning - pending
2026-07-24 18:30:14 - Epay/g2d9cc1a69b71a49ff40: warning - pending
2026-07-24 18:30:14 - Epay/g23d0232841d2a907243: warning - pending
2026-07-24 18:30:14 - Epay/g1421d52a7c5d2838630: error - failed
2026-07-24 18:30:14 - Epay/g29a15cef67ec69e9504: error - bounced
2026-07-24 18:30:14 - Epay/g2fd09f6e19ec6382424: warning - pending
2026-07-24 18:30:15 - Epay/g1d933545923d13d5bb7: error - failed
2026-07-24 18:30:15 - Epay/g254a39ae11cb5d8421a: error - failed
2026-07-24 18:30:15 - Epay/g2317d2dc6f4ceb430c3: error - dropped
2026-07-24 18:30:15 - Epay/g2651751b4e43b038029: error - bounced
2026-07-24 18:30:15 - Epay/g2cbfa97983b5c40a501: warning - pending
2026-07-24 18:30:15 - Epay/g280c70c7c84b2e7cab8: error - dropped
2026-07-24 18:30:15 - Epay/g2b309717c7ba0164c0b: error - bounced
2026-07-24 18:30:16 - Epay/g2fe2d56aa87635b4678: error - userCancelled
2026-07-24 18:30:16 - Epay/g29761e4afad0ab33476: warning - pending
2026-07-24 18:30:16 - Epay/g1f6f30c28ebe4f8b9d4: error - dropped
2026-07-24 18:30:16 - Epay/g28cccb05f210cf88705: warning - pending
2026-07-24 18:30:16 - Epay/g2b8f8c7514fa6b10900: error - failed
2026-07-24 18:30:16 - Epay/g13fe23cae94be5fc1a2: error - dropped
2026-07-24 18:30:16 - Epay/g2ee5f2eeca93482dfdf: error - failed
2026-07-24 18:30:17 - Epay/g2e1044a06fec3740fbe: error - failed
2026-07-24 18:30:17 - Epay/g2db75ced2b25f997771: error - failed
2026-07-24 18:30:17 - Epay/g21e9c6593a47b543412: error - bounced
2026-07-24 18:30:17 - Epay/g21738e07754ece75061: error - dropped
2026-07-24 18:30:17 - Epay/g250f99378c449828743: error - failed
2026-07-24 18:30:17 - Epay/g2c59a720b24977a7121: error - bounced
2026-07-24 18:30:17 - Epay/g2cce4651f2c7f199fab: error - userCancelled
2026-07-24 18:30:17 - Epay/g2872fc0a0c8c8ae8aaf: error - bounced
2026-07-24 18:30:18 - Epay/g2463ca4b57ccbfa4799: error - userCancelled
2026-07-24 18:30:18 - Epay/g205f7a329cc91be3a77: error - failed
2026-07-24 18:30:18 - Epay/g24dce24f73b0deb2aba: error - bounced
2026-07-24 18:30:18 - Epay/g16bc09379a7a2a82c6f: error - dropped
2026-07-24 18:30:18 - Epay/g1b947d729a4e56cc55d: error - bounced
2026-07-24 18:30:18 - Epay/g1a11423f2b1bbde7de6: error - bounced
2026-07-24 18:30:18 - Epay/g1489653321b45822a8f: error - bounced
2026-07-24 18:30:18 - Epay/g139bbe7b1f98d8a1a45: error - bounced
2026-07-24 18:30:19 - Epay/g14b77517c7ae39728a1: error - No record found in payment gateway verification.
2026-07-24 18:30:19 - Epay/g2ad2d53e1fc797ab72f: error - bounced
2026-07-24 18:30:19 - Epay/g2ec8dffd490357bbe43: error - failed
2026-07-24 18:30:19 - Epay/g28f5762179a1f86cdf3: error - userCancelled
2026-07-24 18:30:19 - Epay/g177b445f0e2446c2bca: error - bounced
2026-07-24 18:30:19 - Epay/g20f3efb1b6c81ef4054: error - bounced
2026-07-24 18:30:19 - Epay/g22bab6a03e6d9222b12: error - bounced
2026-07-24 18:30:20 - Epay/g2543e9439c3f7373169: error - bounced
2026-07-24 18:30:20 - Epay/g2d57f75302838ed4dcc: error - userCancelled
2026-07-24 18:30:20 - Epay/g1615397d6cd723de426: error - failed
2026-07-24 18:30:20 - Epay/g1705a7c639a7a8531d3: error - dropped
2026-07-24 18:30:20 - Epay/g1c3468e38214191f233: error - dropped
2026-07-24 18:30:20 - Epay/g21efe34f59d71a840a1: error - bounced
2026-07-24 18:30:20 - Epay/g13494762bae1f78cc06: error - dropped
2026-07-24 18:30:21 - Epay/g2af4ea478f45dfbca3b: error - userCancelled
2026-07-24 18:30:21 - Epay/g2cb8d52628089bf2ed2: error - bounced
2026-07-24 18:30:21 - Epay/g20e3501b3a61cecd818: error - dropped
2026-07-24 18:30:21 - Epay/g10d690b1b0e36d60e8d: error - failed
2026-07-24 18:30:21 - Epay/g15390f5254889c20c4f: error - bounced
2026-07-24 18:30:21 - Epay/g2b4985d0b2269cf76db: error - dropped
2026-07-24 18:30:21 - Epay/g2154ecbb87ed9a126ad: error - dropped
2026-07-24 18:30:21 - Epay/g24d82fb09e807ad134a: error - userCancelled
2026-07-24 18:45:08 - Form-M pending=17, Form-N pending=1
2026-07-24 18:45:08 - FormM/6dc8f0d5f7943bbd0f19: error - bounced
2026-07-24 18:45:08 - FormM/acd08367d702032aceb1: error - bounced
2026-07-24 18:45:08 - FormM/af039d677356bd5f6550: error - userCancelled
2026-07-24 18:45:09 - FormM/6c0d0e4fb8d9573868af: error - failed
2026-07-24 18:45:09 - FormM/cb9ebd51f8431b3de3a6: error - failed
2026-07-24 18:45:09 - FormM/a683cac48c7bd65c7fa7: error - failed
2026-07-24 18:45:09 - FormM/b9b600a380e9605650de: error - failed
2026-07-24 18:45:09 - FormM/f01a7f62cc12fbab8eea: error - bounced
2026-07-24 18:45:09 - FormM/3579b81a558fd4f016c3: error - userCancelled
2026-07-24 18:45:10 - FormM/02ca6e711bcba0fadc5c: error - failed
2026-07-24 18:45:10 - FormM/52b4fc0d4a0eacbf2ba1: error - failed
2026-07-24 18:45:10 - FormM/f6e624fdafff0cb4f37b: error - userCancelled
2026-07-24 18:45:10 - FormM/63cdfb117094248519b7: error - userCancelled
2026-07-24 18:45:10 - FormM/3464c22f87bb01d55b75: error - userCancelled
2026-07-24 18:45:10 - FormM/1e172c7a24da9a8edd3e: error - userCancelled
2026-07-24 18:45:10 - FormM/d3eadfb12ee575842a82: error - dropped
2026-07-24 18:45:11 - FormM/62aacc8dc7c6592b199e: error - userCancelled
2026-07-24 18:45:11 - FormN/193fe60ccd7197a3ac68: error - failed
2026-07-24 18:45:11 - Agent pending=9
2026-07-24 18:45:11 - Agent/718e728dc1389e17eb81: error - bounced
2026-07-24 18:45:11 - Agent/09ce8396be350b1deedc: error - No record found in payment gateway verification.
2026-07-24 18:45:11 - Agent/4883b5b0b419577ce3fe: error - No record found in payment gateway verification.
2026-07-24 18:45:12 - Agent/f5a572a09c394720a997: error - failed
2026-07-24 18:45:12 - Agent/b2d78dd0e9c750fa9354: error - bounced
2026-07-24 18:45:12 - Agent/e471e3007ac3298014cd: error - failed
2026-07-24 18:45:12 - Agent/07a9b7ddab17e0b0ca18: error - bounced
2026-07-24 18:45:12 - Agent/79f11894e29f0586e47f: error - userCancelled
2026-07-24 18:45:12 - Agent/8d8c2872bffd2b023307: error - bounced
2026-07-24 18:45:12 - Project pending=11, ProjectExtn pending=5
2026-07-24 18:45:12 - Project/49ba4d4f07a959bd3751: warning - pending
2026-07-24 18:45:13 - Project/6388c11c5751effe37fa: warning - pending
2026-07-24 18:45:13 - Project/8070aa8e7afebed84b26: warning - pending
2026-07-24 18:45:13 - Project/588ce4e2f640f0d9d750: error - failed
2026-07-24 18:45:13 - Project/4ffd2f46b5965f4c787e: error - failed
2026-07-24 18:45:13 - Project/e65a3b19e160d08625c6: error - failed
2026-07-24 18:45:13 - Project/185d0bcb549908b49131: error - failed
2026-07-24 18:45:13 - Project/cb440f90b884bee2ec94: error - failed
2026-07-24 18:45:14 - Project/c58067aa1a22b0f54ac7: error - dropped
2026-07-24 18:45:14 - Project/d268be2d264599f534f8: error - bounced
2026-07-24 18:45:14 - Project/25756fe590ec785db299: error - bounced
2026-07-24 18:45:14 - ProjectExtn/9a576d1b0d4ae8267528: warning - pending
2026-07-24 18:45:14 - ProjectExtn/1b1ac5fe1a548a16d5a2: warning - pending
2026-07-24 18:45:14 - ProjectExtn/8035e2c458e2490b0ad1: error - userCancelled
2026-07-24 18:45:14 - ProjectExtn/68a8494222998ff4d21f: error - bounced
2026-07-24 18:45:15 - ProjectExtn/438e9b9235609ffb5461: error - bounced
2026-07-24 18:45:15 - Epay pending=59
2026-07-24 18:45:15 - Epay/g286ec8cbd5af827c193: warning - pending
2026-07-24 18:45:15 - Epay/g2b79bb7bcdb8887221b: warning - pending
2026-07-24 18:45:15 - Epay/g2d9cc1a69b71a49ff40: warning - pending
2026-07-24 18:45:15 - Epay/g23d0232841d2a907243: warning - pending
2026-07-24 18:45:15 - Epay/g1421d52a7c5d2838630: error - failed
2026-07-24 18:45:16 - Epay/g29a15cef67ec69e9504: error - bounced
2026-07-24 18:45:16 - Epay/g2fd09f6e19ec6382424: warning - pending
2026-07-24 18:45:16 - Epay/g1d933545923d13d5bb7: error - failed
2026-07-24 18:45:16 - Epay/g254a39ae11cb5d8421a: error - failed
2026-07-24 18:45:16 - Epay/g2317d2dc6f4ceb430c3: error - dropped
2026-07-24 18:45:16 - Epay/g2651751b4e43b038029: error - bounced
2026-07-24 18:45:16 - Epay/g2cbfa97983b5c40a501: warning - pending
2026-07-24 18:45:17 - Epay/g280c70c7c84b2e7cab8: error - dropped
2026-07-24 18:45:17 - Epay/g2b309717c7ba0164c0b: error - bounced
2026-07-24 18:45:17 - Epay/g2fe2d56aa87635b4678: error - userCancelled
2026-07-24 18:45:17 - Epay/g29761e4afad0ab33476: warning - pending
2026-07-24 18:45:17 - Epay/g1f6f30c28ebe4f8b9d4: error - dropped
2026-07-24 18:45:17 - Epay/g28cccb05f210cf88705: warning - pending
2026-07-24 18:45:17 - Epay/g2b8f8c7514fa6b10900: error - failed
2026-07-24 18:45:18 - Epay/g13fe23cae94be5fc1a2: error - dropped
2026-07-24 18:45:18 - Epay/g2ee5f2eeca93482dfdf: error - failed
2026-07-24 18:45:18 - Epay/g2e1044a06fec3740fbe: error - failed
2026-07-24 18:45:18 - Epay/g2db75ced2b25f997771: error - failed
2026-07-24 18:45:18 - Epay/g21e9c6593a47b543412: error - bounced
2026-07-24 18:45:18 - Epay/g21738e07754ece75061: error - dropped
2026-07-24 18:45:19 - Epay/g250f99378c449828743: error - failed
2026-07-24 18:45:19 - Epay/g2c59a720b24977a7121: error - bounced
2026-07-24 18:45:19 - Epay/g2cce4651f2c7f199fab: error - userCancelled
2026-07-24 18:45:19 - Epay/g2872fc0a0c8c8ae8aaf: error - bounced
2026-07-24 18:45:19 - Epay/g2463ca4b57ccbfa4799: error - userCancelled
2026-07-24 18:45:19 - Epay/g205f7a329cc91be3a77: error - failed
2026-07-24 18:45:19 - Epay/g24dce24f73b0deb2aba: error - bounced
2026-07-24 18:45:20 - Epay/g16bc09379a7a2a82c6f: error - dropped
2026-07-24 18:45:20 - Epay/g1b947d729a4e56cc55d: error - bounced
2026-07-24 18:45:20 - Epay/g1a11423f2b1bbde7de6: error - bounced
2026-07-24 18:45:20 - Epay/g1489653321b45822a8f: error - bounced
2026-07-24 18:45:20 - Epay/g139bbe7b1f98d8a1a45: error - bounced
2026-07-24 18:45:20 - Epay/g14b77517c7ae39728a1: error - No record found in payment gateway verification.
2026-07-24 18:45:21 - Epay/g2ad2d53e1fc797ab72f: error - bounced
2026-07-24 18:45:21 - Epay/g2ec8dffd490357bbe43: error - failed
2026-07-24 18:45:21 - Epay/g28f5762179a1f86cdf3: error - userCancelled
2026-07-24 18:45:21 - Epay/g177b445f0e2446c2bca: error - bounced
2026-07-24 18:45:21 - Epay/g20f3efb1b6c81ef4054: error - bounced
2026-07-24 18:45:21 - Epay/g22bab6a03e6d9222b12: error - bounced
2026-07-24 18:45:21 - Epay/g2543e9439c3f7373169: error - bounced
2026-07-24 18:45:22 - Epay/g2d57f75302838ed4dcc: error - userCancelled
2026-07-24 18:45:22 - Epay/g1615397d6cd723de426: error - failed
2026-07-24 18:45:22 - Epay/g1705a7c639a7a8531d3: error - dropped
2026-07-24 18:45:22 - Epay/g1c3468e38214191f233: error - dropped
2026-07-24 18:45:22 - Epay/g21efe34f59d71a840a1: error - bounced
2026-07-24 18:45:22 - Epay/g13494762bae1f78cc06: error - dropped
2026-07-24 18:45:23 - Epay/g2af4ea478f45dfbca3b: error - userCancelled
2026-07-24 18:45:23 - Epay/g2cb8d52628089bf2ed2: error - bounced
2026-07-24 18:45:23 - Epay/g20e3501b3a61cecd818: error - dropped
2026-07-24 18:45:23 - Epay/g10d690b1b0e36d60e8d: error - failed
2026-07-24 18:45:23 - Epay/g15390f5254889c20c4f: error - bounced
2026-07-24 18:45:23 - Epay/g2b4985d0b2269cf76db: error - dropped
2026-07-24 18:45:23 - Epay/g2154ecbb87ed9a126ad: error - dropped
2026-07-24 18:45:24 - Epay/g24d82fb09e807ad134a: error - userCancelled
2026-07-24 19:00:08 - Form-M pending=17, Form-N pending=1
2026-07-24 19:00:08 - FormM/6dc8f0d5f7943bbd0f19: error - bounced
2026-07-24 19:00:08 - FormM/acd08367d702032aceb1: error - bounced
2026-07-24 19:00:08 - FormM/af039d677356bd5f6550: error - userCancelled
2026-07-24 19:00:09 - FormM/6c0d0e4fb8d9573868af: error - failed
2026-07-24 19:00:09 - FormM/cb9ebd51f8431b3de3a6: error - failed
2026-07-24 19:00:09 - FormM/a683cac48c7bd65c7fa7: error - failed
2026-07-24 19:00:09 - FormM/b9b600a380e9605650de: error - failed
2026-07-24 19:00:09 - FormM/f01a7f62cc12fbab8eea: error - bounced
2026-07-24 19:00:09 - FormM/3579b81a558fd4f016c3: error - userCancelled
2026-07-24 19:00:09 - FormM/02ca6e711bcba0fadc5c: error - failed
2026-07-24 19:00:10 - FormM/52b4fc0d4a0eacbf2ba1: error - failed
2026-07-24 19:00:10 - FormM/f6e624fdafff0cb4f37b: error - userCancelled
2026-07-24 19:00:10 - FormM/63cdfb117094248519b7: error - userCancelled
2026-07-24 19:00:10 - FormM/3464c22f87bb01d55b75: error - userCancelled
2026-07-24 19:00:10 - FormM/1e172c7a24da9a8edd3e: error - userCancelled
2026-07-24 19:00:10 - FormM/d3eadfb12ee575842a82: error - dropped
2026-07-24 19:00:10 - FormM/62aacc8dc7c6592b199e: error - userCancelled
2026-07-24 19:00:10 - FormN/193fe60ccd7197a3ac68: error - failed
2026-07-24 19:00:10 - Agent pending=9
2026-07-24 19:00:11 - Agent/718e728dc1389e17eb81: error - bounced
2026-07-24 19:00:11 - Agent/09ce8396be350b1deedc: error - No record found in payment gateway verification.
2026-07-24 19:00:11 - Agent/4883b5b0b419577ce3fe: error - No record found in payment gateway verification.
2026-07-24 19:00:11 - Agent/f5a572a09c394720a997: error - failed
2026-07-24 19:00:11 - Agent/b2d78dd0e9c750fa9354: error - bounced
2026-07-24 19:00:12 - Agent/e471e3007ac3298014cd: error - failed
2026-07-24 19:00:12 - Agent/07a9b7ddab17e0b0ca18: error - bounced
2026-07-24 19:00:12 - Agent/79f11894e29f0586e47f: error - userCancelled
2026-07-24 19:00:12 - Agent/8d8c2872bffd2b023307: error - bounced
2026-07-24 19:00:12 - Project pending=11, ProjectExtn pending=5
2026-07-24 19:00:12 - Project/49ba4d4f07a959bd3751: warning - pending
2026-07-24 19:00:12 - Project/6388c11c5751effe37fa: warning - pending
2026-07-24 19:00:13 - Project/8070aa8e7afebed84b26: warning - pending
2026-07-24 19:00:13 - Project/588ce4e2f640f0d9d750: error - failed
2026-07-24 19:00:13 - Project/4ffd2f46b5965f4c787e: error - failed
2026-07-24 19:00:13 - Project/e65a3b19e160d08625c6: error - failed
2026-07-24 19:00:13 - Project/185d0bcb549908b49131: error - failed
2026-07-24 19:00:13 - Project/cb440f90b884bee2ec94: error - failed
2026-07-24 19:00:13 - Project/c58067aa1a22b0f54ac7: error - dropped
2026-07-24 19:00:13 - Project/d268be2d264599f534f8: error - bounced
2026-07-24 19:00:14 - Project/25756fe590ec785db299: error - bounced
2026-07-24 19:00:14 - ProjectExtn/9a576d1b0d4ae8267528: warning - pending
2026-07-24 19:00:14 - ProjectExtn/1b1ac5fe1a548a16d5a2: warning - pending
2026-07-24 19:00:14 - ProjectExtn/8035e2c458e2490b0ad1: error - userCancelled
2026-07-24 19:00:14 - ProjectExtn/68a8494222998ff4d21f: error - bounced
2026-07-24 19:00:14 - ProjectExtn/438e9b9235609ffb5461: error - bounced
2026-07-24 19:00:14 - Epay pending=59
2026-07-24 19:00:15 - Epay/g286ec8cbd5af827c193: warning - pending
2026-07-24 19:00:15 - Epay/g2b79bb7bcdb8887221b: warning - pending
2026-07-24 19:30:13 - Agent/79f11894e29f0586e47f: error - userCancelled

2026-07-29 12:51:34 - FormN/
    Gateway Status : pending
    Gateway Payment Status : 
    Result         : WARNING - pending
    DB Status      : 0
    SP Called      : (not reached)
    Mihpayid       : 
    Amount         : 0
    Gateway Payment Date   : 2026-07-28 09:16:43 (original success time on PayU)
    Gateway Call   : 12:51:16.998 -> 12:51:17.010 (12ms)
    SP Call        : 00:00:00.000 -> 00:00:00.000 (0ms)

2026-07-29 12:51:34 - FormN/e933ad5cd46b26f167fb - PaymentGateway row diff:
        (no field changes detected)
2026-07-29 12:51:34 - FormN/e933ad5cd46b26f167fb - Details row diff (ComplaintFormN_ID=3760):
        (no field changes detected)

2026-07-29 17:59:20 - Form-N pending=2
2026-07-29 17:59:45 - FormN/success
    Gateway Status : captured
    Gateway Payment Status : 
    Result         : SUCCESS - Payment verified and updated successfully.
    DB Status      : 0
    SP Called      : Update_ComplaintFormNPaymentGatewayByAPI
    Mihpayid       : 29813877598
    Amount         : 1012.98
    Gateway Payment Date   : 2026-07-29 17:46:39 (original success time on PayU)
    Gateway Call   : 17:59:38.517 -> 17:59:38.527 (11ms)
    SP Call        : 17:59:38.600 -> 17:59:38.636 (36ms)

2026-07-29 17:59:46 - FormN/9170f6220ac77cec108e - PaymentGateway row diff:
        Complaint_BriefSummary: '' -> 'success'
        IsPaymentSuccessComplete: '0' -> '1'
        PaymentSuccessDate: '29-07-2026 17:46:39' -> '29-07-2026 17:59:39'
        FailureSuccessSummary: '' -> 'success'
        PG_PayU_ID: '0' -> '29813877598'
        PG_Status: '' -> 'success'
        PG_Bank_Name: '' -> 'PNBB'
        PG_Payment_Gateway: '' -> 'NB-PG'
        PG_Bank_Reference_No: '' -> '775018388'
        PG_Payment_Type: '' -> 'NB'
        PG_Transaction_Fee: '0.00' -> '1012.98'
        PG_Additional_Charges: '0.00' -> '12.98'
        PG_UDF_3: '' -> '3759'

2026-07-29 17:59:48 - FormN/9170f6220ac77cec108e - Details row diff (ComplaintFormN_ID=3759):
        IsPaymentComplete: '0' -> '1'

2026-09-11 17:04:14 - FORM-M/84e96db522c4e2125059
    Gateway Status         : captured
    Gateway Payment Status : 
    Result                 : SUCCESS - Payment verified and updated successfully.
    DB Status              : 0
    SP Called              : Update_ComplaintFormMPaymentGatewayByAPI
    Mihpayid                : 30635102263
    Amount                  : 1010.12
    Gateway Payment Date   : 2026-09-11 16:32:23
    Gateway Call           : 17:03:44.807 -> 17:03:45.139 (333ms)
    SP Call                : 17:03:51.977 -> 17:03:52.542 (565ms)

2026-09-11 17:34:12 - FORM-M/73ccbf3171f24c0af7c7
    Gateway Status         : captured
    Gateway Payment Status : 
    Result                 : SUCCESS - Payment verified and updated successfully.
    DB Status              : 0
    SP Called              : Update_ComplaintFormMPaymentGatewayByAPI
    Mihpayid                : 30635075483
    Amount                  : 1010.12
    Gateway Payment Date   : 2026-09-11 16:30:42
    Gateway Call           : 17:33:58.716 -> 17:33:58.763 (48ms)
    SP Call                : 17:33:58.797 -> 17:33:58.830 (33ms)

2026-09-11 17:34:23 - FormM/73ccbf3171f24c0af7c7 - PaymentGateway row diff:
        Complaint_BriefSummary: '' -> 'success'
        IsPaymentSuccessComplete: '0' -> '1'
        PaymentSuccessDate: '11-09-2026 16:30:42' -> '11-09-2026 17:33:57'
        FailureSuccessSummary: '' -> 'success'
        PG_PayU_ID: '0' -> '30635075483'
        PG_Status: '' -> 'success'
        PG_Bank_Name: '' -> 'CC'
        PG_Payment_Gateway: '' -> 'CC-PG'
        PG_Bank_Reference_No: '' -> '625416322918'
        PG_Payment_Type: '' -> 'CC'
        PG_Transaction_Fee: '0.00' -> '1010.12'
        PG_Additional_Charges: '0.00' -> '10.12'
        PG_UDF_3: '' -> '6161'

2026-09-11 17:34:27 - FormM/73ccbf3171f24c0af7c7 - FormDetails row diff (ComplaintFormM_ID=6161):
        IsPaymentComplete: '0' -> '1'

2026-09-11 17:36:44 - FORM-M/3d29d6ccd887e23ae27e
    Gateway Status         : captured
    Gateway Payment Status : 
    Result                 : SUCCESS - Payment verified and updated successfully.
    DB Status              : 0
    SP Called              : Update_ComplaintFormMPaymentGatewayByAPI
    Mihpayid                : 30635049509
    Amount                  : 1010.12
    Gateway Payment Date   : 2026-09-11 16:29:04
    Gateway Call           : 17:36:42.181 -> 17:36:42.181 (0ms)
    SP Call                : 17:36:42.181 -> 17:36:42.205 (24ms)

2026-09-11 17:36:44 - FormM/3d29d6ccd887e23ae27e - PaymentGateway row diff:
        Complaint_BriefSummary: '' -> 'success'
        IsPaymentSuccessComplete: '0' -> '1'
        PaymentSuccessDate: '11-09-2026 16:29:04' -> '11-09-2026 17:36:40'
        FailureSuccessSummary: '' -> 'success'
        PG_PayU_ID: '0' -> '30635049509'
        PG_Status: '' -> 'success'
        PG_Bank_Name: '' -> 'CC'
        PG_Payment_Gateway: '' -> 'CC-PG'
        PG_Bank_Reference_No: '' -> '625416322572'
        PG_Payment_Type: '' -> 'CC'
        PG_Transaction_Fee: '0.00' -> '1010.12'
        PG_Additional_Charges: '0.00' -> '10.12'
        PG_UDF_3: '' -> '6160'

2026-09-11 17:36:44 - FormM/3d29d6ccd887e23ae27e - FormDetails row diff (ComplaintFormM_ID=6160):
        IsPaymentComplete: '0' -> '1'

2026-09-11 17:39:41 - FORM-M/213a1a65d85094b5a47e
    Gateway Status         : captured
    Gateway Payment Status : 
    Result                 : SUCCESS - Payment verified and updated successfully.
    DB Status              : 0
    SP Called              : Update_ComplaintFormMPaymentGatewayByAPI
    Mihpayid                : 30635011691
    Amount                  : 1010.12
    Gateway Payment Date   : 2026-09-11 16:26:41
    Gateway Call           : 17:39:39.767 -> 17:39:39.767 (0ms)
    SP Call                : 17:39:39.767 -> 17:39:39.791 (24ms)

2026-09-11 17:39:41 - FormM/213a1a65d85094b5a47e - PaymentGateway row diff:
        Complaint_BriefSummary: '' -> 'success'
        IsPaymentSuccessComplete: '0' -> '1'
        PaymentSuccessDate: '11-09-2026 16:26:41' -> '11-09-2026 17:39:38'
        FailureSuccessSummary: '' -> 'success'
        PG_PayU_ID: '0' -> '30635011691'
        PG_Status: '' -> 'success'
        PG_Bank_Name: '' -> 'CC'
        PG_Payment_Gateway: '' -> 'CC-PG'
        PG_Bank_Reference_No: '' -> '625416322174'
        PG_Payment_Type: '' -> 'CC'
        PG_Transaction_Fee: '0.00' -> '1010.12'
        PG_Additional_Charges: '0.00' -> '10.12'
        PG_UDF_3: '' -> '6239'
        IsActive: '2' -> '1'

2026-09-11 17:39:41 - FormM/213a1a65d85094b5a47e - FormDetails row diff (ComplaintFormM_ID=6239):
        IsPaymentComplete: '0' -> '1'

